RAM Allocation
Variable                                                          Address   Size
--------------------------------------------------------------------------------
TIMER1_OVERFLOW                                                   0x0500       2
TIMER2_OVERFLOW                                                   0x0502       1
PACKET_BUFF                                                       0x0503     100
PACKET_BUFF_IDX                                                   0x0567       1
TIMER0_OVERFLOW                                                   0x0568       2
VELOCITY_BUFF                                                     0x056A      20
VELOCITY_BUFF_IDX                                                 0x057E       1
CHECK_GETS                                                        0x057F       1
MOTORR_HALL                                                       0x0580       4
MOTORL_HALL                                                       0x0584       4
_seed                                                             0x0588       4

EEPROM Allocation
Variable                                                          Address   Size
--------------------------------------------------------------------------------

Register Allocation
Variable                                                          Register  Size
--------------------------------------------------------------------------------
