RAM Allocation
Variable                                                          Address   Size
--------------------------------------------------------------------------------
TIMER1_OVERFLOW                                                   0x0500       4
TIMER2_OVERFLOW                                                   0x0504       1
PACKET_BUFF                                                       0x0505     100
PACKET_BUFF_IDX                                                   0x0569       1
TIMER0_OVERFLOW                                                   0x056A       2
VELOCITY_BUFF                                                     0x056C      20
VELOCITY_BUFF_IDX                                                 0x0580       1
CHECK_GETS                                                        0x0581       1
MOTORR_HALL                                                       0x0582       4
MOTORL_HALL                                                       0x0586       4
_seed                                                             0x058A       4

EEPROM Allocation
Variable                                                          Address   Size
--------------------------------------------------------------------------------

Register Allocation
Variable                                                          Register  Size
--------------------------------------------------------------------------------
