
AVRASM ver. 2.1.30  C:\Users\ekzm5\Work\AVR\M_robot\List\M_robot.asm Mon Jan 13 14:06:37 2020

C:\Users\ekzm5\Work\AVR\M_robot\List\M_robot.asm(1061): warning: Register r5 already defined by the .DEF directive
C:\Users\ekzm5\Work\AVR\M_robot\List\M_robot.asm(1062): warning: Register r4 already defined by the .DEF directive
C:\Users\ekzm5\Work\AVR\M_robot\List\M_robot.asm(1063): warning: Register r7 already defined by the .DEF directive
C:\Users\ekzm5\Work\AVR\M_robot\List\M_robot.asm(1064): warning: Register r6 already defined by the .DEF directive
                 
                 
                 ;CodeVisionAVR C Compiler V2.05.0 Professional
                 ;(C) Copyright 1998-2010 Pavel Haiduc, HP InfoTech s.r.l.
                 ;http://www.hpinfotech.com
                 
                 ;Chip type                : ATmega128
                 ;Program type             : Application
                 ;Clock frequency          : 14.745600 MHz
                 ;Memory model             : Small
                 ;Optimize for             : Size
                 ;(s)printf features       : int, width
                 ;(s)scanf features        : int, width
                 ;External RAM size        : 0
                 ;Data Stack size          : 1024 byte(s)
                 ;Heap size                : 0 byte(s)
                 ;Promote 'char' to 'int'  : Yes
                 ;'char' is unsigned       : Yes
                 ;8 bit enums              : No
                 ;global 'const' stored in FLASH: Yes
                 ;Enhanced core instructions    : On
                 ;Smart register allocation     : On
                 ;Automatic register allocation : On
                 
                 	#pragma AVRPART ADMIN PART_NAME ATmega128
                 	#pragma AVRPART MEMORY PROG_FLASH 131072
                 	#pragma AVRPART MEMORY EEPROM 4096
                 	#pragma AVRPART MEMORY INT_SRAM SIZE 4351
                 	#pragma AVRPART MEMORY INT_SRAM START_ADDR 0x100
                 
                 	#define CALL_SUPPORTED 1
                 
                 	.LISTMAC
                 	.EQU UDRE=0x5
                 	.EQU RXC=0x7
                 	.EQU USR=0xB
                 	.EQU UDR=0xC
                 	.EQU SPSR=0xE
                 	.EQU SPDR=0xF
                 	.EQU EERE=0x0
                 	.EQU EEWE=0x1
                 	.EQU EEMWE=0x2
                 	.EQU EECR=0x1C
                 	.EQU EEDR=0x1D
                 	.EQU EEARL=0x1E
                 	.EQU EEARH=0x1F
                 	.EQU WDTCR=0x21
                 	.EQU MCUCR=0x35
                 	.EQU RAMPZ=0x3B
                 	.EQU SPL=0x3D
                 	.EQU SPH=0x3E
                 	.EQU SREG=0x3F
                 	.EQU XMCRA=0x6D
                 	.EQU XMCRB=0x6C
                 
                 	.DEF R0X0=R0
                 	.DEF R0X1=R1
                 	.DEF R0X2=R2
                 	.DEF R0X3=R3
                 	.DEF R0X4=R4
                 	.DEF R0X5=R5
                 	.DEF R0X6=R6
                 	.DEF R0X7=R7
                 	.DEF R0X8=R8
                 	.DEF R0X9=R9
                 	.DEF R0XA=R10
                 	.DEF R0XB=R11
                 	.DEF R0XC=R12
                 	.DEF R0XD=R13
                 	.DEF R0XE=R14
                 	.DEF R0XF=R15
                 	.DEF R0X10=R16
                 	.DEF R0X11=R17
                 	.DEF R0X12=R18
                 	.DEF R0X13=R19
                 	.DEF R0X14=R20
                 	.DEF R0X15=R21
                 	.DEF R0X16=R22
                 	.DEF R0X17=R23
                 	.DEF R0X18=R24
                 	.DEF R0X19=R25
                 	.DEF R0X1A=R26
                 	.DEF R0X1B=R27
                 	.DEF R0X1C=R28
                 	.DEF R0X1D=R29
                 	.DEF R0X1E=R30
                 	.DEF R0X1F=R31
                 
                 	.EQU __SRAM_START=0x0100
                 	.EQU __SRAM_END=0x10FF
                 	.EQU __DSTACK_SIZE=0x0400
                 	.EQU __HEAP_SIZE=0x0000
                 	.EQU __CLEAR_SRAM_SIZE=__SRAM_END-__SRAM_START+1
                 
                 	.MACRO __CPD1N
                 	CPI  R30,LOW(@0)
                 	LDI  R26,HIGH(@0)
                 	CPC  R31,R26
                 	LDI  R26,BYTE3(@0)
                 	CPC  R22,R26
                 	LDI  R26,BYTE4(@0)
                 	CPC  R23,R26
                 	.ENDM
                 
                 	.MACRO __CPD2N
                 	CPI  R26,LOW(@0)
                 	LDI  R30,HIGH(@0)
                 	CPC  R27,R30
                 	LDI  R30,BYTE3(@0)
                 	CPC  R24,R30
                 	LDI  R30,BYTE4(@0)
                 	CPC  R25,R30
                 	.ENDM
                 
                 	.MACRO __CPWRR
                 	CP   R@0,R@2
                 	CPC  R@1,R@3
                 	.ENDM
                 
                 	.MACRO __CPWRN
                 	CPI  R@0,LOW(@2)
                 	LDI  R30,HIGH(@2)
                 	CPC  R@1,R30
                 	.ENDM
                 
                 	.MACRO __ADDB1MN
                 	SUBI R30,LOW(-@0-(@1))
                 	.ENDM
                 
                 	.MACRO __ADDB2MN
                 	SUBI R26,LOW(-@0-(@1))
                 	.ENDM
                 
                 	.MACRO __ADDW1MN
                 	SUBI R30,LOW(-@0-(@1))
                 	SBCI R31,HIGH(-@0-(@1))
                 	.ENDM
                 
                 	.MACRO __ADDW2MN
                 	SUBI R26,LOW(-@0-(@1))
                 	SBCI R27,HIGH(-@0-(@1))
                 	.ENDM
                 
                 	.MACRO __ADDW1FN
                 	SUBI R30,LOW(-2*@0-(@1))
                 	SBCI R31,HIGH(-2*@0-(@1))
                 	.ENDM
                 
                 	.MACRO __ADDD1FN
                 	SUBI R30,LOW(-2*@0-(@1))
                 	SBCI R31,HIGH(-2*@0-(@1))
                 	SBCI R22,BYTE3(-2*@0-(@1))
                 	.ENDM
                 
                 	.MACRO __ADDD1N
                 	SUBI R30,LOW(-@0)
                 	SBCI R31,HIGH(-@0)
                 	SBCI R22,BYTE3(-@0)
                 	SBCI R23,BYTE4(-@0)
                 	.ENDM
                 
                 	.MACRO __ADDD2N
                 	SUBI R26,LOW(-@0)
                 	SBCI R27,HIGH(-@0)
                 	SBCI R24,BYTE3(-@0)
                 	SBCI R25,BYTE4(-@0)
                 	.ENDM
                 
                 	.MACRO __SUBD1N
                 	SUBI R30,LOW(@0)
                 	SBCI R31,HIGH(@0)
                 	SBCI R22,BYTE3(@0)
                 	SBCI R23,BYTE4(@0)
                 	.ENDM
                 
                 	.MACRO __SUBD2N
                 	SUBI R26,LOW(@0)
                 	SBCI R27,HIGH(@0)
                 	SBCI R24,BYTE3(@0)
                 	SBCI R25,BYTE4(@0)
                 	.ENDM
                 
                 	.MACRO __ANDBMNN
                 	LDS  R30,@0+(@1)
                 	ANDI R30,LOW(@2)
                 	STS  @0+(@1),R30
                 	.ENDM
                 
                 	.MACRO __ANDWMNN
                 	LDS  R30,@0+(@1)
                 	ANDI R30,LOW(@2)
                 	STS  @0+(@1),R30
                 	LDS  R30,@0+(@1)+1
                 	ANDI R30,HIGH(@2)
                 	STS  @0+(@1)+1,R30
                 	.ENDM
                 
                 	.MACRO __ANDD1N
                 	ANDI R30,LOW(@0)
                 	ANDI R31,HIGH(@0)
                 	ANDI R22,BYTE3(@0)
                 	ANDI R23,BYTE4(@0)
                 	.ENDM
                 
                 	.MACRO __ANDD2N
                 	ANDI R26,LOW(@0)
                 	ANDI R27,HIGH(@0)
                 	ANDI R24,BYTE3(@0)
                 	ANDI R25,BYTE4(@0)
                 	.ENDM
                 
                 	.MACRO __ORBMNN
                 	LDS  R30,@0+(@1)
                 	ORI  R30,LOW(@2)
                 	STS  @0+(@1),R30
                 	.ENDM
                 
                 	.MACRO __ORWMNN
                 	LDS  R30,@0+(@1)
                 	ORI  R30,LOW(@2)
                 	STS  @0+(@1),R30
                 	LDS  R30,@0+(@1)+1
                 	ORI  R30,HIGH(@2)
                 	STS  @0+(@1)+1,R30
                 	.ENDM
                 
                 	.MACRO __ORD1N
                 	ORI  R30,LOW(@0)
                 	ORI  R31,HIGH(@0)
                 	ORI  R22,BYTE3(@0)
                 	ORI  R23,BYTE4(@0)
                 	.ENDM
                 
                 	.MACRO __ORD2N
                 	ORI  R26,LOW(@0)
                 	ORI  R27,HIGH(@0)
                 	ORI  R24,BYTE3(@0)
                 	ORI  R25,BYTE4(@0)
                 	.ENDM
                 
                 	.MACRO __DELAY_USB
                 	LDI  R24,LOW(@0)
                 __DELAY_USB_LOOP:
                 	DEC  R24
                 	BRNE __DELAY_USB_LOOP
                 	.ENDM
                 
                 	.MACRO __DELAY_USW
                 	LDI  R24,LOW(@0)
                 	LDI  R25,HIGH(@0)
                 __DELAY_USW_LOOP:
                 	SBIW R24,1
                 	BRNE __DELAY_USW_LOOP
                 	.ENDM
                 
                 	.MACRO __GETD1S
                 	LDD  R30,Y+@0
                 	LDD  R31,Y+@0+1
                 	LDD  R22,Y+@0+2
                 	LDD  R23,Y+@0+3
                 	.ENDM
                 
                 	.MACRO __GETD2S
                 	LDD  R26,Y+@0
                 	LDD  R27,Y+@0+1
                 	LDD  R24,Y+@0+2
                 	LDD  R25,Y+@0+3
                 	.ENDM
                 
                 	.MACRO __PUTD1S
                 	STD  Y+@0,R30
                 	STD  Y+@0+1,R31
                 	STD  Y+@0+2,R22
                 	STD  Y+@0+3,R23
                 	.ENDM
                 
                 	.MACRO __PUTD2S
                 	STD  Y+@0,R26
                 	STD  Y+@0+1,R27
                 	STD  Y+@0+2,R24
                 	STD  Y+@0+3,R25
                 	.ENDM
                 
                 	.MACRO __PUTDZ2
                 	STD  Z+@0,R26
                 	STD  Z+@0+1,R27
                 	STD  Z+@0+2,R24
                 	STD  Z+@0+3,R25
                 	.ENDM
                 
                 	.MACRO __CLRD1S
                 	STD  Y+@0,R30
                 	STD  Y+@0+1,R30
                 	STD  Y+@0+2,R30
                 	STD  Y+@0+3,R30
                 	.ENDM
                 
                 	.MACRO __POINTB1MN
                 	LDI  R30,LOW(@0+(@1))
                 	.ENDM
                 
                 	.MACRO __POINTW1MN
                 	LDI  R30,LOW(@0+(@1))
                 	LDI  R31,HIGH(@0+(@1))
                 	.ENDM
                 
                 	.MACRO __POINTD1M
                 	LDI  R30,LOW(@0)
                 	LDI  R31,HIGH(@0)
                 	LDI  R22,BYTE3(@0)
                 	LDI  R23,BYTE4(@0)
                 	.ENDM
                 
                 	.MACRO __POINTW1FN
                 	LDI  R30,LOW(2*@0+(@1))
                 	LDI  R31,HIGH(2*@0+(@1))
                 	.ENDM
                 
                 	.MACRO __POINTD1FN
                 	LDI  R30,LOW(2*@0+(@1))
                 	LDI  R31,HIGH(2*@0+(@1))
                 	LDI  R22,BYTE3(2*@0+(@1))
                 	LDI  R23,BYTE4(2*@0+(@1))
                 	.ENDM
                 
                 	.MACRO __POINTB2MN
                 	LDI  R26,LOW(@0+(@1))
                 	.ENDM
                 
                 	.MACRO __POINTW2MN
                 	LDI  R26,LOW(@0+(@1))
                 	LDI  R27,HIGH(@0+(@1))
                 	.ENDM
                 
                 	.MACRO __POINTBRM
                 	LDI  R@0,LOW(@1)
                 	.ENDM
                 
                 	.MACRO __POINTWRM
                 	LDI  R@0,LOW(@2)
                 	LDI  R@1,HIGH(@2)
                 	.ENDM
                 
                 	.MACRO __POINTBRMN
                 	LDI  R@0,LOW(@1+(@2))
                 	.ENDM
                 
                 	.MACRO __POINTWRMN
                 	LDI  R@0,LOW(@2+(@3))
                 	LDI  R@1,HIGH(@2+(@3))
                 	.ENDM
                 
                 	.MACRO __POINTWRFN
                 	LDI  R@0,LOW(@2*2+(@3))
                 	LDI  R@1,HIGH(@2*2+(@3))
                 	.ENDM
                 
                 	.MACRO __GETD1N
                 	LDI  R30,LOW(@0)
                 	LDI  R31,HIGH(@0)
                 	LDI  R22,BYTE3(@0)
                 	LDI  R23,BYTE4(@0)
                 	.ENDM
                 
                 	.MACRO __GETD2N
                 	LDI  R26,LOW(@0)
                 	LDI  R27,HIGH(@0)
                 	LDI  R24,BYTE3(@0)
                 	LDI  R25,BYTE4(@0)
                 	.ENDM
                 
                 	.MACRO __GETB1MN
                 	LDS  R30,@0+(@1)
                 	.ENDM
                 
                 	.MACRO __GETB1HMN
                 	LDS  R31,@0+(@1)
                 	.ENDM
                 
                 	.MACRO __GETW1MN
                 	LDS  R30,@0+(@1)
                 	LDS  R31,@0+(@1)+1
                 	.ENDM
                 
                 	.MACRO __GETD1MN
                 	LDS  R30,@0+(@1)
                 	LDS  R31,@0+(@1)+1
                 	LDS  R22,@0+(@1)+2
                 	LDS  R23,@0+(@1)+3
                 	.ENDM
                 
                 	.MACRO __GETBRMN
                 	LDS  R@0,@1+(@2)
                 	.ENDM
                 
                 	.MACRO __GETWRMN
                 	LDS  R@0,@2+(@3)
                 	LDS  R@1,@2+(@3)+1
                 	.ENDM
                 
                 	.MACRO __GETWRZ
                 	LDD  R@0,Z+@2
                 	LDD  R@1,Z+@2+1
                 	.ENDM
                 
                 	.MACRO __GETD2Z
                 	LDD  R26,Z+@0
                 	LDD  R27,Z+@0+1
                 	LDD  R24,Z+@0+2
                 	LDD  R25,Z+@0+3
                 	.ENDM
                 
                 	.MACRO __GETB2MN
                 	LDS  R26,@0+(@1)
                 	.ENDM
                 
                 	.MACRO __GETW2MN
                 	LDS  R26,@0+(@1)
                 	LDS  R27,@0+(@1)+1
                 	.ENDM
                 
                 	.MACRO __GETD2MN
                 	LDS  R26,@0+(@1)
                 	LDS  R27,@0+(@1)+1
                 	LDS  R24,@0+(@1)+2
                 	LDS  R25,@0+(@1)+3
                 	.ENDM
                 
                 	.MACRO __PUTB1MN
                 	STS  @0+(@1),R30
                 	.ENDM
                 
                 	.MACRO __PUTW1MN
                 	STS  @0+(@1),R30
                 	STS  @0+(@1)+1,R31
                 	.ENDM
                 
                 	.MACRO __PUTD1MN
                 	STS  @0+(@1),R30
                 	STS  @0+(@1)+1,R31
                 	STS  @0+(@1)+2,R22
                 	STS  @0+(@1)+3,R23
                 	.ENDM
                 
                 	.MACRO __PUTB1EN
                 	LDI  R26,LOW(@0+(@1))
                 	LDI  R27,HIGH(@0+(@1))
                 	CALL __EEPROMWRB
                 	.ENDM
                 
                 	.MACRO __PUTW1EN
                 	LDI  R26,LOW(@0+(@1))
                 	LDI  R27,HIGH(@0+(@1))
                 	CALL __EEPROMWRW
                 	.ENDM
                 
                 	.MACRO __PUTD1EN
                 	LDI  R26,LOW(@0+(@1))
                 	LDI  R27,HIGH(@0+(@1))
                 	CALL __EEPROMWRD
                 	.ENDM
                 
                 	.MACRO __PUTBR0MN
                 	STS  @0+(@1),R0
                 	.ENDM
                 
                 	.MACRO __PUTBMRN
                 	STS  @0+(@1),R@2
                 	.ENDM
                 
                 	.MACRO __PUTWMRN
                 	STS  @0+(@1),R@2
                 	STS  @0+(@1)+1,R@3
                 	.ENDM
                 
                 	.MACRO __PUTBZR
                 	STD  Z+@1,R@0
                 	.ENDM
                 
                 	.MACRO __PUTWZR
                 	STD  Z+@2,R@0
                 	STD  Z+@2+1,R@1
                 	.ENDM
                 
                 	.MACRO __GETW1R
                 	MOV  R30,R@0
                 	MOV  R31,R@1
                 	.ENDM
                 
                 	.MACRO __GETW2R
                 	MOV  R26,R@0
                 	MOV  R27,R@1
                 	.ENDM
                 
                 	.MACRO __GETWRN
                 	LDI  R@0,LOW(@2)
                 	LDI  R@1,HIGH(@2)
                 	.ENDM
                 
                 	.MACRO __PUTW1R
                 	MOV  R@0,R30
                 	MOV  R@1,R31
                 	.ENDM
                 
                 	.MACRO __PUTW2R
                 	MOV  R@0,R26
                 	MOV  R@1,R27
                 	.ENDM
                 
                 	.MACRO __ADDWRN
                 	SUBI R@0,LOW(-@2)
                 	SBCI R@1,HIGH(-@2)
                 	.ENDM
                 
                 	.MACRO __ADDWRR
                 	ADD  R@0,R@2
                 	ADC  R@1,R@3
                 	.ENDM
                 
                 	.MACRO __SUBWRN
                 	SUBI R@0,LOW(@2)
                 	SBCI R@1,HIGH(@2)
                 	.ENDM
                 
                 	.MACRO __SUBWRR
                 	SUB  R@0,R@2
                 	SBC  R@1,R@3
                 	.ENDM
                 
                 	.MACRO __ANDWRN
                 	ANDI R@0,LOW(@2)
                 	ANDI R@1,HIGH(@2)
                 	.ENDM
                 
                 	.MACRO __ANDWRR
                 	AND  R@0,R@2
                 	AND  R@1,R@3
                 	.ENDM
                 
                 	.MACRO __ORWRN
                 	ORI  R@0,LOW(@2)
                 	ORI  R@1,HIGH(@2)
                 	.ENDM
                 
                 	.MACRO __ORWRR
                 	OR   R@0,R@2
                 	OR   R@1,R@3
                 	.ENDM
                 
                 	.MACRO __EORWRR
                 	EOR  R@0,R@2
                 	EOR  R@1,R@3
                 	.ENDM
                 
                 	.MACRO __GETWRS
                 	LDD  R@0,Y+@2
                 	LDD  R@1,Y+@2+1
                 	.ENDM
                 
                 	.MACRO __PUTBSR
                 	STD  Y+@1,R@0
                 	.ENDM
                 
                 	.MACRO __PUTWSR
                 	STD  Y+@2,R@0
                 	STD  Y+@2+1,R@1
                 	.ENDM
                 
                 	.MACRO __MOVEWRR
                 	MOV  R@0,R@2
                 	MOV  R@1,R@3
                 	.ENDM
                 
                 	.MACRO __INWR
                 	IN   R@0,@2
                 	IN   R@1,@2+1
                 	.ENDM
                 
                 	.MACRO __OUTWR
                 	OUT  @2+1,R@1
                 	OUT  @2,R@0
                 	.ENDM
                 
                 	.MACRO __CALL1MN
                 	LDS  R30,@0+(@1)
                 	LDS  R31,@0+(@1)+1
                 	ICALL
                 	.ENDM
                 
                 	.MACRO __CALL1FN
                 	LDI  R30,LOW(2*@0+(@1))
                 	LDI  R31,HIGH(2*@0+(@1))
                 	CALL __GETW1PF
                 	ICALL
                 	.ENDM
                 
                 	.MACRO __CALL2EN
                 	LDI  R26,LOW(@0+(@1))
                 	LDI  R27,HIGH(@0+(@1))
                 	CALL __EEPROMRDW
                 	ICALL
                 	.ENDM
                 
                 	.MACRO __GETW1STACK
                 	IN   R26,SPL
                 	IN   R27,SPH
                 	ADIW R26,@0+1
                 	LD   R30,X+
                 	LD   R31,X
                 	.ENDM
                 
                 	.MACRO __GETD1STACK
                 	IN   R26,SPL
                 	IN   R27,SPH
                 	ADIW R26,@0+1
                 	LD   R30,X+
                 	LD   R31,X+
                 	LD   R22,X
                 	.ENDM
                 
                 	.MACRO __NBST
                 	BST  R@0,@1
                 	IN   R30,SREG
                 	LDI  R31,0x40
                 	EOR  R30,R31
                 	OUT  SREG,R30
                 	.ENDM
                 
                 
                 	.MACRO __PUTB1SN
                 	LDD  R26,Y+@0
                 	LDD  R27,Y+@0+1
                 	SUBI R26,LOW(-@1)
                 	SBCI R27,HIGH(-@1)
                 	ST   X,R30
                 	.ENDM
                 
                 	.MACRO __PUTW1SN
                 	LDD  R26,Y+@0
                 	LDD  R27,Y+@0+1
                 	SUBI R26,LOW(-@1)
                 	SBCI R27,HIGH(-@1)
                 	ST   X+,R30
                 	ST   X,R31
                 	.ENDM
                 
                 	.MACRO __PUTD1SN
                 	LDD  R26,Y+@0
                 	LDD  R27,Y+@0+1
                 	SUBI R26,LOW(-@1)
                 	SBCI R27,HIGH(-@1)
                 	CALL __PUTDP1
                 	.ENDM
                 
                 	.MACRO __PUTB1SNS
                 	LDD  R26,Y+@0
                 	LDD  R27,Y+@0+1
                 	ADIW R26,@1
                 	ST   X,R30
                 	.ENDM
                 
                 	.MACRO __PUTW1SNS
                 	LDD  R26,Y+@0
                 	LDD  R27,Y+@0+1
                 	ADIW R26,@1
                 	ST   X+,R30
                 	ST   X,R31
                 	.ENDM
                 
                 	.MACRO __PUTD1SNS
                 	LDD  R26,Y+@0
                 	LDD  R27,Y+@0+1
                 	ADIW R26,@1
                 	CALL __PUTDP1
                 	.ENDM
                 
                 	.MACRO __PUTB1PMN
                 	LDS  R26,@0
                 	LDS  R27,@0+1
                 	SUBI R26,LOW(-@1)
                 	SBCI R27,HIGH(-@1)
                 	ST   X,R30
                 	.ENDM
                 
                 	.MACRO __PUTW1PMN
                 	LDS  R26,@0
                 	LDS  R27,@0+1
                 	SUBI R26,LOW(-@1)
                 	SBCI R27,HIGH(-@1)
                 	ST   X+,R30
                 	ST   X,R31
                 	.ENDM
                 
                 	.MACRO __PUTD1PMN
                 	LDS  R26,@0
                 	LDS  R27,@0+1
                 	SUBI R26,LOW(-@1)
                 	SBCI R27,HIGH(-@1)
                 	CALL __PUTDP1
                 	.ENDM
                 
                 	.MACRO __PUTB1PMNS
                 	LDS  R26,@0
                 	LDS  R27,@0+1
                 	ADIW R26,@1
                 	ST   X,R30
                 	.ENDM
                 
                 	.MACRO __PUTW1PMNS
                 	LDS  R26,@0
                 	LDS  R27,@0+1
                 	ADIW R26,@1
                 	ST   X+,R30
                 	ST   X,R31
                 	.ENDM
                 
                 	.MACRO __PUTD1PMNS
                 	LDS  R26,@0
                 	LDS  R27,@0+1
                 	ADIW R26,@1
                 	CALL __PUTDP1
                 	.ENDM
                 
                 	.MACRO __PUTB1RN
                 	MOVW R26,R@0
                 	SUBI R26,LOW(-@1)
                 	SBCI R27,HIGH(-@1)
                 	ST   X,R30
                 	.ENDM
                 
                 	.MACRO __PUTW1RN
                 	MOVW R26,R@0
                 	SUBI R26,LOW(-@1)
                 	SBCI R27,HIGH(-@1)
                 	ST   X+,R30
                 	ST   X,R31
                 	.ENDM
                 
                 	.MACRO __PUTD1RN
                 	MOVW R26,R@0
                 	SUBI R26,LOW(-@1)
                 	SBCI R27,HIGH(-@1)
                 	CALL __PUTDP1
                 	.ENDM
                 
                 	.MACRO __PUTB1RNS
                 	MOVW R26,R@0
                 	ADIW R26,@1
                 	ST   X,R30
                 	.ENDM
                 
                 	.MACRO __PUTW1RNS
                 	MOVW R26,R@0
                 	ADIW R26,@1
                 	ST   X+,R30
                 	ST   X,R31
                 	.ENDM
                 
                 	.MACRO __PUTD1RNS
                 	MOVW R26,R@0
                 	ADIW R26,@1
                 	CALL __PUTDP1
                 	.ENDM
                 
                 	.MACRO __PUTB1RON
                 	MOV  R26,R@0
                 	MOV  R27,R@1
                 	SUBI R26,LOW(-@2)
                 	SBCI R27,HIGH(-@2)
                 	ST   X,R30
                 	.ENDM
                 
                 	.MACRO __PUTW1RON
                 	MOV  R26,R@0
                 	MOV  R27,R@1
                 	SUBI R26,LOW(-@2)
                 	SBCI R27,HIGH(-@2)
                 	ST   X+,R30
                 	ST   X,R31
                 	.ENDM
                 
                 	.MACRO __PUTD1RON
                 	MOV  R26,R@0
                 	MOV  R27,R@1
                 	SUBI R26,LOW(-@2)
                 	SBCI R27,HIGH(-@2)
                 	CALL __PUTDP1
                 	.ENDM
                 
                 	.MACRO __PUTB1RONS
                 	MOV  R26,R@0
                 	MOV  R27,R@1
                 	ADIW R26,@2
                 	ST   X,R30
                 	.ENDM
                 
                 	.MACRO __PUTW1RONS
                 	MOV  R26,R@0
                 	MOV  R27,R@1
                 	ADIW R26,@2
                 	ST   X+,R30
                 	ST   X,R31
                 	.ENDM
                 
                 	.MACRO __PUTD1RONS
                 	MOV  R26,R@0
                 	MOV  R27,R@1
                 	ADIW R26,@2
                 	CALL __PUTDP1
                 	.ENDM
                 
                 
                 	.MACRO __GETB1SX
                 	MOVW R30,R28
                 	SUBI R30,LOW(-@0)
                 	SBCI R31,HIGH(-@0)
                 	LD   R30,Z
                 	.ENDM
                 
                 	.MACRO __GETB1HSX
                 	MOVW R30,R28
                 	SUBI R30,LOW(-@0)
                 	SBCI R31,HIGH(-@0)
                 	LD   R31,Z
                 	.ENDM
                 
                 	.MACRO __GETW1SX
                 	MOVW R30,R28
                 	SUBI R30,LOW(-@0)
                 	SBCI R31,HIGH(-@0)
                 	LD   R0,Z+
                 	LD   R31,Z
                 	MOV  R30,R0
                 	.ENDM
                 
                 	.MACRO __GETD1SX
                 	MOVW R30,R28
                 	SUBI R30,LOW(-@0)
                 	SBCI R31,HIGH(-@0)
                 	LD   R0,Z+
                 	LD   R1,Z+
                 	LD   R22,Z+
                 	LD   R23,Z
                 	MOVW R30,R0
                 	.ENDM
                 
                 	.MACRO __GETB2SX
                 	MOVW R26,R28
                 	SUBI R26,LOW(-@0)
                 	SBCI R27,HIGH(-@0)
                 	LD   R26,X
                 	.ENDM
                 
                 	.MACRO __GETW2SX
                 	MOVW R26,R28
                 	SUBI R26,LOW(-@0)
                 	SBCI R27,HIGH(-@0)
                 	LD   R0,X+
                 	LD   R27,X
                 	MOV  R26,R0
                 	.ENDM
                 
                 	.MACRO __GETD2SX
                 	MOVW R26,R28
                 	SUBI R26,LOW(-@0)
                 	SBCI R27,HIGH(-@0)
                 	LD   R0,X+
                 	LD   R1,X+
                 	LD   R24,X+
                 	LD   R25,X
                 	MOVW R26,R0
                 	.ENDM
                 
                 	.MACRO __GETBRSX
                 	MOVW R30,R28
                 	SUBI R30,LOW(-@1)
                 	SBCI R31,HIGH(-@1)
                 	LD   R@0,Z
                 	.ENDM
                 
                 	.MACRO __GETWRSX
                 	MOVW R30,R28
                 	SUBI R30,LOW(-@2)
                 	SBCI R31,HIGH(-@2)
                 	LD   R@0,Z+
                 	LD   R@1,Z
                 	.ENDM
                 
                 	.MACRO __GETBRSX2
                 	MOVW R26,R28
                 	SUBI R26,LOW(-@1)
                 	SBCI R27,HIGH(-@1)
                 	LD   R@0,X
                 	.ENDM
                 
                 	.MACRO __GETWRSX2
                 	MOVW R26,R28
                 	SUBI R26,LOW(-@2)
                 	SBCI R27,HIGH(-@2)
                 	LD   R@0,X+
                 	LD   R@1,X
                 	.ENDM
                 
                 	.MACRO __LSLW8SX
                 	MOVW R30,R28
                 	SUBI R30,LOW(-@0)
                 	SBCI R31,HIGH(-@0)
                 	LD   R31,Z
                 	CLR  R30
                 	.ENDM
                 
                 	.MACRO __PUTB1SX
                 	MOVW R26,R28
                 	SUBI R26,LOW(-@0)
                 	SBCI R27,HIGH(-@0)
                 	ST   X,R30
                 	.ENDM
                 
                 	.MACRO __PUTW1SX
                 	MOVW R26,R28
                 	SUBI R26,LOW(-@0)
                 	SBCI R27,HIGH(-@0)
                 	ST   X+,R30
                 	ST   X,R31
                 	.ENDM
                 
                 	.MACRO __PUTD1SX
                 	MOVW R26,R28
                 	SUBI R26,LOW(-@0)
                 	SBCI R27,HIGH(-@0)
                 	ST   X+,R30
                 	ST   X+,R31
                 	ST   X+,R22
                 	ST   X,R23
                 	.ENDM
                 
                 	.MACRO __CLRW1SX
                 	MOVW R26,R28
                 	SUBI R26,LOW(-@0)
                 	SBCI R27,HIGH(-@0)
                 	ST   X+,R30
                 	ST   X,R30
                 	.ENDM
                 
                 	.MACRO __CLRD1SX
                 	MOVW R26,R28
                 	SUBI R26,LOW(-@0)
                 	SBCI R27,HIGH(-@0)
                 	ST   X+,R30
                 	ST   X+,R30
                 	ST   X+,R30
                 	ST   X,R30
                 	.ENDM
                 
                 	.MACRO __PUTB2SX
                 	MOVW R30,R28
                 	SUBI R30,LOW(-@0)
                 	SBCI R31,HIGH(-@0)
                 	ST   Z,R26
                 	.ENDM
                 
                 	.MACRO __PUTW2SX
                 	MOVW R30,R28
                 	SUBI R30,LOW(-@0)
                 	SBCI R31,HIGH(-@0)
                 	ST   Z+,R26
                 	ST   Z,R27
                 	.ENDM
                 
                 	.MACRO __PUTD2SX
                 	MOVW R30,R28
                 	SUBI R30,LOW(-@0)
                 	SBCI R31,HIGH(-@0)
                 	ST   Z+,R26
                 	ST   Z+,R27
                 	ST   Z+,R24
                 	ST   Z,R25
                 	.ENDM
                 
                 	.MACRO __PUTBSRX
                 	MOVW R30,R28
                 	SUBI R30,LOW(-@1)
                 	SBCI R31,HIGH(-@1)
                 	ST   Z,R@0
                 	.ENDM
                 
                 	.MACRO __PUTWSRX
                 	MOVW R30,R28
                 	SUBI R30,LOW(-@2)
                 	SBCI R31,HIGH(-@2)
                 	ST   Z+,R@0
                 	ST   Z,R@1
                 	.ENDM
                 
                 	.MACRO __PUTB1SNX
                 	MOVW R26,R28
                 	SUBI R26,LOW(-@0)
                 	SBCI R27,HIGH(-@0)
                 	LD   R0,X+
                 	LD   R27,X
                 	MOV  R26,R0
                 	SUBI R26,LOW(-@1)
                 	SBCI R27,HIGH(-@1)
                 	ST   X,R30
                 	.ENDM
                 
                 	.MACRO __PUTW1SNX
                 	MOVW R26,R28
                 	SUBI R26,LOW(-@0)
                 	SBCI R27,HIGH(-@0)
                 	LD   R0,X+
                 	LD   R27,X
                 	MOV  R26,R0
                 	SUBI R26,LOW(-@1)
                 	SBCI R27,HIGH(-@1)
                 	ST   X+,R30
                 	ST   X,R31
                 	.ENDM
                 
                 	.MACRO __PUTD1SNX
                 	MOVW R26,R28
                 	SUBI R26,LOW(-@0)
                 	SBCI R27,HIGH(-@0)
                 	LD   R0,X+
                 	LD   R27,X
                 	MOV  R26,R0
                 	SUBI R26,LOW(-@1)
                 	SBCI R27,HIGH(-@1)
                 	ST   X+,R30
                 	ST   X+,R31
                 	ST   X+,R22
                 	ST   X,R23
                 	.ENDM
                 
                 	.MACRO __MULBRR
                 	MULS R@0,R@1
                 	MOVW R30,R0
                 	.ENDM
                 
                 	.MACRO __MULBRRU
                 	MUL  R@0,R@1
                 	MOVW R30,R0
                 	.ENDM
                 
                 	.MACRO __MULBRR0
                 	MULS R@0,R@1
                 	.ENDM
                 
                 	.MACRO __MULBRRU0
                 	MUL  R@0,R@1
                 	.ENDM
                 
                 	.MACRO __MULBNWRU
                 	LDI  R26,@2
                 	MUL  R26,R@0
                 	MOVW R30,R0
                 	MUL  R26,R@1
                 	ADD  R31,R0
                 	.ENDM
                 
                 ;NAME DEFINITIONS FOR GLOBAL VARIABLES ALLOCATED TO REGISTERS
                 	.DEF _TIMER2_OVERFLOW=R5
                 	.DEF _PACKET_BUFF_IDX=R4
                 	.DEF _TIMER0_OVERFLOW=R7
                 	.DEF _VELOCITY_BUFF_IDX=R6
                 
                 	.CSEG
                 	.ORG 0x00
                 
                 ;START OF CODE MARKER
                 __START_OF_CODE:
                 
                 ;INTERRUPT VECTORS
000000 940c 0063 	JMP  __RESET
000002 940c 0000 	JMP  0x00
000004 940c 0000 	JMP  0x00
000006 940c 0000 	JMP  0x00
000008 940c 0000 	JMP  0x00
00000a 940c 0000 	JMP  0x00
00000c 940c 0000 	JMP  0x00
00000e 940c 0000 	JMP  0x00
000010 940c 0000 	JMP  0x00
000012 940c 0165 	JMP  _timer2_comp
000014 940c 0000 	JMP  0x00
000016 940c 0000 	JMP  0x00
000018 940c 0000 	JMP  0x00
00001a 940c 0000 	JMP  0x00
00001c 940c 0000 	JMP  0x00
00001e 940c 0169 	JMP  _timer0_comp
000020 940c 0000 	JMP  0x00
000022 940c 0000 	JMP  0x00
000024 940c 0139 	JMP  _usart0_rxc
000026 940c 0000 	JMP  0x00
000028 940c 0000 	JMP  0x00
00002a 940c 0000 	JMP  0x00
00002c 940c 0000 	JMP  0x00
00002e 940c 0000 	JMP  0x00
000030 940c 0000 	JMP  0x00
000032 940c 0000 	JMP  0x00
000034 940c 0000 	JMP  0x00
000036 940c 0000 	JMP  0x00
000038 940c 0000 	JMP  0x00
00003a 940c 0000 	JMP  0x00
00003c 940c 014c 	JMP  _usart1_rxc
00003e 940c 0000 	JMP  0x00
000040 940c 0000 	JMP  0x00
000042 940c 0000 	JMP  0x00
000044 940c 0000 	JMP  0x00
                 
                 _tbl10_G100:
000046 2710
000047 03e8
000048 0064
000049 000a      	.DB  0x10,0x27,0xE8,0x3,0x64,0x0,0xA,0x0
00004a 0001      	.DB  0x1,0x0
                 _tbl16_G100:
00004b 1000
00004c 0100
00004d 0010
00004e 0001      	.DB  0x0,0x10,0x0,0x1,0x10,0x0,0x1,0x0
                 
                 _0x2D:
00004f 0000
000050 0000
000051 0000
000052 0000      	.DB  0x0,0x0,0x0,0x0,0x0,0x0,0x0,0x0
000053 0000
000054 0000
000055 0000
000056 0000      	.DB  0x0,0x0,0x0,0x0,0x0,0x0,0x0,0x0
000057 0000
000058 0000      	.DB  0x0,0x0,0x0,0x0
                 _0x47:
000059 0000
00005a 0000      	.DB  0x0,0x0,0x0,0x0
                 _0x0:
00005b 253c
00005c 2c64
00005d 6425
00005e 003e      	.DB  0x3C,0x25,0x64,0x2C,0x25,0x64,0x3E,0x0
                 
                 __GLOBAL_INI_TBL:
00005f 0004      	.DW  0x04
000060 0004      	.DW  0x04
000061 00b2      	.DW  _0x47*2
                 
                 _0xFFFFFFFF:
000062 0000      	.DW  0
                 
                 __RESET:
000063 94f8      	CLI
000064 27ee      	CLR  R30
000065 bbec      	OUT  EECR,R30
                 
                 ;INTERRUPT VECTORS ARE PLACED
                 ;AT THE START OF FLASH
000066 e0f1      	LDI  R31,1
000067 bff5      	OUT  MCUCR,R31
000068 bfe5      	OUT  MCUCR,R30
000069 93e0 006c 	STS  XMCRB,R30
                 
                 ;DISABLE WATCHDOG
00006b e1f8      	LDI  R31,0x18
00006c bdf1      	OUT  WDTCR,R31
00006d bde1      	OUT  WDTCR,R30
                 
                 ;CLEAR R2-R14
00006e e08d      	LDI  R24,(14-2)+1
00006f e0a2      	LDI  R26,2
000070 27bb      	CLR  R27
                 __CLEAR_REG:
000071 93ed      	ST   X+,R30
000072 958a      	DEC  R24
000073 f7e9      	BRNE __CLEAR_REG
                 
                 ;CLEAR SRAM
000074 e080      	LDI  R24,LOW(__CLEAR_SRAM_SIZE)
000075 e190      	LDI  R25,HIGH(__CLEAR_SRAM_SIZE)
000076 e0a0      	LDI  R26,LOW(__SRAM_START)
000077 e0b1      	LDI  R27,HIGH(__SRAM_START)
                 __CLEAR_SRAM:
000078 93ed      	ST   X+,R30
000079 9701      	SBIW R24,1
00007a f7e9      	BRNE __CLEAR_SRAM
                 
                 ;GLOBAL VARIABLES INITIALIZATION
00007b ebee      	LDI  R30,LOW(__GLOBAL_INI_TBL*2)
00007c e0f0      	LDI  R31,HIGH(__GLOBAL_INI_TBL*2)
                 __GLOBAL_INI_NEXT:
00007d 9185      	LPM  R24,Z+
00007e 9195      	LPM  R25,Z+
00007f 9700      	SBIW R24,0
000080 f061      	BREQ __GLOBAL_INI_END
000081 91a5      	LPM  R26,Z+
000082 91b5      	LPM  R27,Z+
000083 9005      	LPM  R0,Z+
000084 9015      	LPM  R1,Z+
000085 01bf      	MOVW R22,R30
000086 01f0      	MOVW R30,R0
                 __GLOBAL_INI_LOOP:
000087 9005      	LPM  R0,Z+
000088 920d      	ST   X+,R0
000089 9701      	SBIW R24,1
00008a f7e1      	BRNE __GLOBAL_INI_LOOP
00008b 01fb      	MOVW R30,R22
00008c cff0      	RJMP __GLOBAL_INI_NEXT
                 __GLOBAL_INI_END:
                 
00008d bf8b      	OUT  RAMPZ,R24
                 
                 ;HARDWARE STACK POINTER INITIALIZATION
00008e efef      	LDI  R30,LOW(__SRAM_END-__HEAP_SIZE)
00008f bfed      	OUT  SPL,R30
000090 e1e0      	LDI  R30,HIGH(__SRAM_END-__HEAP_SIZE)
000091 bfee      	OUT  SPH,R30
                 
                 ;DATA STACK POINTER INITIALIZATION
000092 e0c0      	LDI  R28,LOW(__SRAM_START+__DSTACK_SIZE)
000093 e0d5      	LDI  R29,HIGH(__SRAM_START+__DSTACK_SIZE)
                 
000094 940c 016f 	JMP  _main
                 
                 	.ESEG
                 	.ORG 0
                 
                 	.DSEG
                 	.ORG 0x500
                 
                 	.CSEG
                 ;#include <mega128.h>
                 	#ifndef __SLEEP_DEFINED__
                 	#define __SLEEP_DEFINED__
                 	.EQU __se_bit=0x20
                 	.EQU __sm_mask=0x1C
                 	.EQU __sm_powerdown=0x10
                 	.EQU __sm_powersave=0x18
                 	.EQU __sm_standby=0x14
                 	.EQU __sm_ext_standby=0x1C
                 	.EQU __sm_adc_noise_red=0x08
                 	.SET power_ctrl_reg=mcucr
                 	#endif
                 ;#include <stdio.h>
                 ;#include <delay.h>
                 ;
                 ;#define bps_115200 0x0007
                 ;
                 ;#define POLYNORMIAL 0xA001
                 ;
                 ;#define CHARACTER3_5 25
                 ;
                 ;#define R 0x01
                 ;#define L 0x02
                 ;
                 ;unsigned char TIMER2_OVERFLOW = 0;
                 ;unsigned char PACKET_BUFF[100] = {0,};
                 ;unsigned char PACKET_BUFF_IDX = 0;
                 ;
                 ;unsigned char TIMER0_OVERFLOW = 0;
                 ;unsigned char VELOCITY_BUFF[20] = {0,};
                 ;unsigned char VELOCITY_BUFF_IDX = 0;
                 ;
                 ;void usart1_init(int bps)
                 ; 0000 0017 {
                 
                 	.CSEG
                 _usart1_init:
                 ; 0000 0018     UCSR1A = 0x00;
                 ;	bps -> Y+0
000096 e0e0      	LDI  R30,LOW(0)
000097 93e0 009b 	STS  155,R30
                 ; 0000 0019     UCSR1B = (1<<RXEN1)|(1<<TXEN1)|(1<<RXCIE1); // RXCIE1 bit is recevie interrupt allow
000099 e9e8      	LDI  R30,LOW(152)
00009a 93e0 009a 	STS  154,R30
                 ; 0000 001A     UCSR1C = (1<<UCSZ11)|(1<<UCSZ10);
00009c e0e6      	LDI  R30,LOW(6)
00009d 93e0 009d 	STS  157,R30
                 ; 0000 001B     UCSR1C &= ~(1<<UMSEL1);
00009f 91e0 009d 	LDS  R30,157
0000a1 7bef      	ANDI R30,0xBF
0000a2 93e0 009d 	STS  157,R30
                 ; 0000 001C 
                 ; 0000 001D     UBRR1H = (unsigned char)((bps>>8)  & 0x00ff);
0000a4 81e8      	LD   R30,Y
0000a5 81f9      	LDD  R31,Y+1
0000a6 940e 040b 	CALL __ASRW8
0000a8 93e0 0098 	STS  152,R30
                 ; 0000 001E     UBRR1L = (unsigned char)(bps & 0x00ff);
0000aa 81e8      	LD   R30,Y
0000ab 93e0 0099 	STS  153,R30
                 ; 0000 001F }
0000ad c014      	RJMP _0x2060004
                 ;
                 ;void usart0_init(int bps)
                 ; 0000 0022 {
                 _usart0_init:
                 ; 0000 0023     UCSR0A = 0x00;
                 ;	bps -> Y+0
0000ae e0e0      	LDI  R30,LOW(0)
0000af b9eb      	OUT  0xB,R30
                 ; 0000 0024     UCSR0B = (1<<RXEN0)|(1<<TXEN0)|(1<<RXCIE0); // RXCIE1 bit is recevie interrupt allow
0000b0 e9e8      	LDI  R30,LOW(152)
0000b1 b9ea      	OUT  0xA,R30
                 ; 0000 0025     UCSR0C = (1<<UCSZ01)|(1<<UCSZ00);
0000b2 e0e6      	LDI  R30,LOW(6)
0000b3 93e0 0095 	STS  149,R30
                 ; 0000 0026     UCSR0C &= ~(1<<UMSEL0);
0000b5 91e0 0095 	LDS  R30,149
0000b7 7bef      	ANDI R30,0xBF
0000b8 93e0 0095 	STS  149,R30
                 ; 0000 0027 
                 ; 0000 0028     UBRR0H = (unsigned char)((bps>>8)  & 0x00ff);
0000ba 81e8      	LD   R30,Y
0000bb 81f9      	LDD  R31,Y+1
0000bc 940e 040b 	CALL __ASRW8
0000be 93e0 0090 	STS  144,R30
                 ; 0000 0029     UBRR0L = (unsigned char)(bps & 0x00ff);
0000c0 81e8      	LD   R30,Y
0000c1 b9e9      	OUT  0x9,R30
                 ; 0000 002A }
                 _0x2060004:
0000c2 9622      	ADIW R28,2
0000c3 9508      	RET
                 ;
                 ;void timer2_init(void)
                 ; 0000 002D {
                 _timer2_init:
                 ; 0000 002E     //TIMER2
                 ; 0000 002F     TCCR2 = (1<<WGM21)|(1<<CS22)|(1<<CS20);// CTC모드, 1024분주
0000c4 e0ed      	LDI  R30,LOW(13)
0000c5 bde5      	OUT  0x25,R30
                 ; 0000 0030 
                 ; 0000 0031     OCR2 = 40;
0000c6 e2e8      	LDI  R30,LOW(40)
0000c7 bde3      	OUT  0x23,R30
                 ; 0000 0032     //TIMSK = (1<<OCIE2);
                 ; 0000 0033 }
0000c8 9508      	RET
                 ;void timer0_init(void)
                 ; 0000 0035 {
                 ; 0000 0036     TCCR0 = (1<<WGM01)|(1<<CS02)|(1<<CS01)|(1<<CS00); // CTC모드, 1024분주
                 ; 0000 0037     OCR0 = 40;
                 ; 0000 0038     TIMSK = (1<<OCIE2)|(1<<OCIE0);
                 ; 0000 0039 }
                 ;
                 ;void putch_USART1(char data)
                 ; 0000 003C {
                 ; 0000 003D     while(!(UCSR1A & (1<<UDRE1))); // UDRE flag is USART Data Register Empty
                 ;	data -> Y+0
                 ; 0000 003E     UDR1 = data;
                 ; 0000 003F }
                 ;
                 ;//USART 문자열 송신
                 ;void puts_USART1(char *str,char IDX)
                 ; 0000 0043 {
                 ; 0000 0044     unsigned char i = 0;
                 ; 0000 0045 
                 ; 0000 0046     for(i = 0;i<IDX-1;i++)
                 ;	*str -> Y+2
                 ;	IDX -> Y+1
                 ;	i -> R17
                 ; 0000 0047     {
                 ; 0000 0048         putch_USART1(*(str+i));
                 ; 0000 0049     }
                 ; 0000 004A 
                 ; 0000 004B     for(i = 0; i<IDX; i++)
                 ; 0000 004C     {
                 ; 0000 004D         *(str+i) = 0;
                 ; 0000 004E     }
                 ; 0000 004F }
                 ;
                 ;void putch_USART0(char data)
                 ; 0000 0052 {
                 _putch_USART0:
                 ; 0000 0053     while(!(UCSR0A & (1<<UDRE0))); // UDRE flag is USART Data Register Empty
                 ;	data -> Y+0
                 _0xC:
0000c9 9b5d      	SBIS 0xB,5
0000ca cffe      	RJMP _0xC
                 ; 0000 0054     UDR0 = data;
0000cb 81e8      	LD   R30,Y
0000cc b9ec      	OUT  0xC,R30
                 ; 0000 0055 }
0000cd 9621      	ADIW R28,1
0000ce 9508      	RET
                 ;
                 ;void puts_USART0(char *str,char IDX)
                 ; 0000 0058 {
                 ; 0000 0059     //PACKET_BUFF[PACKET_BUFF_IDX] = 0;
                 ; 0000 005A     unsigned char i = 0;
                 ; 0000 005B     for(i = 0;i<IDX-1;i++)
                 ;	*str -> Y+2
                 ;	IDX -> Y+1
                 ;	i -> R17
                 ; 0000 005C     {
                 ; 0000 005D         putch_USART1(*(str+i));
                 ; 0000 005E     }
                 ; 0000 005F 
                 ; 0000 0060     for(i = 0; i<IDX; i++)
                 ; 0000 0061     {
                 ; 0000 0062         *(str+i) = 0;
                 ; 0000 0063     }
                 ; 0000 0064 }
                 ;
                 ;unsigned short CRC16(unsigned char *puchMsg, int usDataLen)
                 ; 0000 0067 {
                 _CRC16:
                 ; 0000 0068     int i;
                 ; 0000 0069     unsigned short crc, flag;
                 ; 0000 006A     crc = 0xffff;
0000cf 940e 0423 	CALL __SAVELOCR6
                 ;	*puchMsg -> Y+8
                 ;	usDataLen -> Y+6
                 ;	i -> R16,R17
                 ;	crc -> R18,R19
                 ;	flag -> R20,R21
                +
0000d1 ef2f     +LDI R18 , LOW ( - 1 )
0000d2 ef3f     +LDI R19 , HIGH ( - 1 )
                 	__GETWRN 18,19,-1
                 ; 0000 006B 
                 ; 0000 006C     while(usDataLen--){
                 _0x15:
0000d3 81ee      	LDD  R30,Y+6
0000d4 81ff      	LDD  R31,Y+6+1
0000d5 9731      	SBIW R30,1
0000d6 83ee      	STD  Y+6,R30
0000d7 83ff      	STD  Y+6+1,R31
0000d8 9631      	ADIW R30,1
0000d9 f0f9      	BREQ _0x17
                 ; 0000 006D         crc ^= *puchMsg++;
0000da 85a8      	LDD  R26,Y+8
0000db 85b9      	LDD  R27,Y+8+1
0000dc 91ed      	LD   R30,X+
0000dd 87a8      	STD  Y+8,R26
0000de 87b9      	STD  Y+8+1,R27
0000df e0f0      	LDI  R31,0
                +
0000e0 272e     +EOR R18 , R30
0000e1 273f     +EOR R19 , R31
                 	__EORWRR 18,19,30,31
                 ; 0000 006E 
                 ; 0000 006F         for (i=0; i<8; i++){
                +
0000e2 e000     +LDI R16 , LOW ( 0 )
0000e3 e010     +LDI R17 , HIGH ( 0 )
                 	__GETWRN 16,17,0
                 _0x19:
                +
0000e4 3008     +CPI R16 , LOW ( 8 )
0000e5 e0e0     +LDI R30 , HIGH ( 8 )
0000e6 071e     +CPC R17 , R30
                 	__CPWRN 16,17,8
0000e7 f484      	BRGE _0x1A
                 ; 0000 0070             flag = crc & 0x0001;
0000e8 01f9      	MOVW R30,R18
0000e9 70e1      	ANDI R30,LOW(0x1)
0000ea 70f0      	ANDI R31,HIGH(0x1)
0000eb 01af      	MOVW R20,R30
                 ; 0000 0071             crc >>= 1;
0000ec 9536      	LSR  R19
0000ed 9527      	ROR  R18
                 ; 0000 0072             if(flag) crc ^= POLYNORMIAL;
0000ee 2e04      	MOV  R0,R20
0000ef 2a05      	OR   R0,R21
0000f0 f021      	BREQ _0x1B
0000f1 e0e1      	LDI  R30,LOW(40961)
0000f2 eaf0      	LDI  R31,HIGH(40961)
                +
0000f3 272e     +EOR R18 , R30
0000f4 273f     +EOR R19 , R31
                 	__EORWRR 18,19,30,31
                 ; 0000 0073         }
                 _0x1B:
                +
0000f5 5f0f     +SUBI R16 , LOW ( - 1 )
0000f6 4f1f     +SBCI R17 , HIGH ( - 1 )
                 	__ADDWRN 16,17,1
0000f7 cfec      	RJMP _0x19
                 _0x1A:
                 ; 0000 0074     }
0000f8 cfda      	RJMP _0x15
                 _0x17:
                 ; 0000 0075     return crc;
0000f9 01f9      	MOVW R30,R18
0000fa 940e 042a 	CALL __LOADLOCR6
0000fc 962a      	ADIW R28,10
0000fd 9508      	RET
                 ; 0000 0076 }
                 ;
                 ;int RTU_WriteOperate0(char device_address,int starting_address,int data)
                 ; 0000 0079 {
                 _RTU_WriteOperate0:
                 ; 0000 007A     char protocol[8];
                 ; 0000 007B     unsigned short crc16;
                 ; 0000 007C     int i=0;
                 ; 0000 007D     //PACKET_BUFF_IDX = 0;
                 ; 0000 007E 
                 ; 0000 007F     protocol[0]=device_address;
0000fe 9728      	SBIW R28,8
0000ff 940e 0425 	CALL __SAVELOCR4
                 ;	device_address -> Y+16
                 ;	starting_address -> Y+14
                 ;	data -> Y+12
                 ;	protocol -> Y+4
                 ;	crc16 -> R16,R17
                 ;	i -> R18,R19
                +
000101 e020     +LDI R18 , LOW ( 0 )
000102 e030     +LDI R19 , HIGH ( 0 )
                 	__GETWRN 18,19,0
000103 89e8      	LDD  R30,Y+16
000104 83ec      	STD  Y+4,R30
                 ; 0000 0080     protocol[1]=0x06;
000105 e0e6      	LDI  R30,LOW(6)
000106 83ed      	STD  Y+5,R30
                 ; 0000 0081     protocol[2]=((starting_address>>8)  & 0x00ff);
000107 85ee      	LDD  R30,Y+14
000108 85ff      	LDD  R31,Y+14+1
000109 940e 040b 	CALL __ASRW8
00010b 83ee      	STD  Y+6,R30
                 ; 0000 0082     protocol[3]=((starting_address)     & 0x00ff);
00010c 85ee      	LDD  R30,Y+14
00010d 83ef      	STD  Y+7,R30
                 ; 0000 0083     protocol[4]=((data>>8)              & 0x00ff);
00010e 85ec      	LDD  R30,Y+12
00010f 85fd      	LDD  R31,Y+12+1
000110 940e 040b 	CALL __ASRW8
000112 87e8      	STD  Y+8,R30
                 ; 0000 0084     protocol[5]=((data)                 & 0x00ff);
000113 85ec      	LDD  R30,Y+12
000114 87e9      	STD  Y+9,R30
                 ; 0000 0085     protocol[6]=0;
000115 e0e0      	LDI  R30,LOW(0)
000116 87ea      	STD  Y+10,R30
                 ; 0000 0086     protocol[7]=0;
000117 87eb      	STD  Y+11,R30
                 ; 0000 0087 
                 ; 0000 0088     crc16 = CRC16(protocol, 6);
000118 01fe      	MOVW R30,R28
000119 9634      	ADIW R30,4
00011a 93fa      	ST   -Y,R31
00011b 93ea      	ST   -Y,R30
00011c e0e6      	LDI  R30,LOW(6)
00011d e0f0      	LDI  R31,HIGH(6)
00011e 93fa      	ST   -Y,R31
00011f 93ea      	ST   -Y,R30
000120 dfae      	RCALL _CRC16
000121 018f      	MOVW R16,R30
                 ; 0000 0089 
                 ; 0000 008A     protocol[6] = (unsigned char)((crc16>>0) & 0x00ff);
000122 01f8      	MOVW R30,R16
000123 87ea      	STD  Y+10,R30
                 ; 0000 008B     protocol[7] = (unsigned char)((crc16>>8) & 0x00ff);
                +
000124 871b     +STD Y + 11 , R17
                 	__PUTBSR 17,11
                 ; 0000 008C 
                 ; 0000 008D 
                 ; 0000 008E     for(i=0;i<8;i++)
                +
000125 e020     +LDI R18 , LOW ( 0 )
000126 e030     +LDI R19 , HIGH ( 0 )
                 	__GETWRN 18,19,0
                 _0x1D:
                +
000127 3028     +CPI R18 , LOW ( 8 )
000128 e0e0     +LDI R30 , HIGH ( 8 )
000129 073e     +CPC R19 , R30
                 	__CPWRN 18,19,8
00012a f454      	BRGE _0x1E
                 ; 0000 008F     {
                 ; 0000 0090         putch_USART0(*(protocol+i));
00012b 01de      	MOVW R26,R28
00012c 9614      	ADIW R26,4
00012d 0fa2      	ADD  R26,R18
00012e 1fb3      	ADC  R27,R19
00012f 91ec      	LD   R30,X
000130 93ea      	ST   -Y,R30
000131 df97      	RCALL _putch_USART0
                 ; 0000 0091     }
                +
000132 5f2f     +SUBI R18 , LOW ( - 1 )
000133 4f3f     +SBCI R19 , HIGH ( - 1 )
                 	__ADDWRN 18,19,1
000134 cff2      	RJMP _0x1D
                 _0x1E:
                 ; 0000 0092 }
000135 940e 042c 	CALL __LOADLOCR4
000137 9661      	ADIW R28,17
000138 9508      	RET
                 ;
                 ;int RTU_WriteOperate1(char device_address,int starting_address,int data)
                 ; 0000 0095 {
                 ; 0000 0096     char protocol[8];
                 ; 0000 0097     unsigned short crc16;
                 ; 0000 0098     int i=0;
                 ; 0000 0099    // PACKET_BUFF_IDX = 0;
                 ; 0000 009A 
                 ; 0000 009B     protocol[0]=device_address;
                 ;	device_address -> Y+16
                 ;	starting_address -> Y+14
                 ;	data -> Y+12
                 ;	protocol -> Y+4
                 ;	crc16 -> R16,R17
                 ;	i -> R18,R19
                 ; 0000 009C     protocol[1]=0x06;
                 ; 0000 009D     protocol[2]=((starting_address>>8)  & 0x00ff);
                 ; 0000 009E     protocol[3]=((starting_address)     & 0x00ff);
                 ; 0000 009F     protocol[4]=((data>>8)              & 0x00ff);
                 ; 0000 00A0     protocol[5]=((data)                 & 0x00ff);
                 ; 0000 00A1     protocol[6]=0;
                 ; 0000 00A2     protocol[7]=0;
                 ; 0000 00A3 
                 ; 0000 00A4     crc16 = CRC16(protocol, 6);
                 ; 0000 00A5 
                 ; 0000 00A6     protocol[6] = (unsigned char)((crc16>>0) & 0x00ff);
                 ; 0000 00A7     protocol[7] = (unsigned char)((crc16>>8) & 0x00ff);
                 ; 0000 00A8 
                 ; 0000 00A9 
                 ; 0000 00AA     for(i=0;i<8;i++)
                 ; 0000 00AB     {
                 ; 0000 00AC         putch_USART1(*(protocol+i));
                 ; 0000 00AD     }
                 ; 0000 00AE }
                 ;
                 ;int RTU_ReedOperate0(char device_address,int starting_address,int data)
                 ; 0000 00B1 {
                 ; 0000 00B2     char protocol[8];
                 ; 0000 00B3     unsigned short crc16;
                 ; 0000 00B4     int i=0;
                 ; 0000 00B5     //PACKET_BUFF_IDX = 0;
                 ; 0000 00B6 
                 ; 0000 00B7     protocol[0]=device_address;
                 ;	device_address -> Y+16
                 ;	starting_address -> Y+14
                 ;	data -> Y+12
                 ;	protocol -> Y+4
                 ;	crc16 -> R16,R17
                 ;	i -> R18,R19
                 ; 0000 00B8     protocol[1]=0x03;
                 ; 0000 00B9     protocol[2]=((starting_address>>8)  & 0x00ff);
                 ; 0000 00BA     protocol[3]=((starting_address)     & 0x00ff);
                 ; 0000 00BB     protocol[4]=((data>>8)              & 0x00ff);
                 ; 0000 00BC     protocol[5]=((data)                 & 0x00ff);
                 ; 0000 00BD     protocol[6]=0;
                 ; 0000 00BE     protocol[7]=0;
                 ; 0000 00BF 
                 ; 0000 00C0     crc16 = CRC16(protocol, 6);
                 ; 0000 00C1 
                 ; 0000 00C2     protocol[6] = (unsigned char)((crc16>>0) & 0x00ff);
                 ; 0000 00C3     protocol[7] = (unsigned char)((crc16>>8) & 0x00ff);
                 ; 0000 00C4 
                 ; 0000 00C5 
                 ; 0000 00C6     for(i=0;i<8;i++)
                 ; 0000 00C7     {
                 ; 0000 00C8         putch_USART0(*(protocol+i));
                 ; 0000 00C9     }
                 ; 0000 00CA }
                 ;
                 ;interrupt [USART0_RXC] void usart0_rxc(void)
                 ; 0000 00CD {
                 _usart0_rxc:
000139 940e 03ae 	CALL SUBOPT_0x0
                 ; 0000 00CE     unsigned char i = 0;
                 ; 0000 00CF 
                 ; 0000 00D0     i = UDR0;
                 ;	i -> R17
00013b b11c      	IN   R17,12
                 ; 0000 00D1     if(i == '<'){
00013c 331c      	CPI  R17,60
00013d f411      	BRNE _0x25
                 ; 0000 00D2         PACKET_BUFF_IDX = 0;
00013e 2444      	CLR  R4
                 ; 0000 00D3         PACKET_BUFF[PACKET_BUFF_IDX] = i;
00013f c007      	RJMP _0x41
                 ; 0000 00D4         PACKET_BUFF_IDX++;
                 ; 0000 00D5     }
                 ; 0000 00D6     else if(i == '>'){
                 _0x25:
000140 331e      	CPI  R17,62
000141 f429      	BRNE _0x27
                 ; 0000 00D7         PACKET_BUFF[PACKET_BUFF_IDX] = i;
000142 2de4      	MOV  R30,R4
000143 940e 03b5 	CALL SUBOPT_0x1
                 ; 0000 00D8         PACKET_BUFF_IDX+=2;
000145 9443      	INC  R4
000146 c003      	RJMP _0x42
                 ; 0000 00D9     }
                 ; 0000 00DA     else{
                 _0x27:
                 ; 0000 00DB         PACKET_BUFF[PACKET_BUFF_IDX] = i;
                 _0x41:
000147 2de4      	MOV  R30,R4
000148 940e 03b5 	CALL SUBOPT_0x1
                 ; 0000 00DC         PACKET_BUFF_IDX++;
                 _0x42:
00014a 9443      	INC  R4
                 ; 0000 00DD     }
                 ; 0000 00DE }
00014b c013      	RJMP _0x46
                 ;
                 ;// interrupt [USART0_RXC] void usart0_rxc(void)
                 ;// {
                 ;//     if(((TCNT2 < CHARACTER3_5) && (TIMER2_OVERFLOW == 0)) || PACKET_BUFF_IDX == 0)
                 ;//     {
                 ;//         PACKET_BUFF[PACKET_BUFF_IDX] = UDR0;
                 ;//         PACKET_BUFF_IDX++;
                 ;//         TCNT2 = 0;
                 ;//         TIMER2_OVERFLOW = 0;
                 ;//         //PORTB.1 = ~PORTB.1;
                 ;//     }
                 ;//     else {
                 ;//         PACKET_BUFF_IDX = 0;
                 ;//         PACKET_BUFF[PACKET_BUFF_IDX] = UDR0;
                 ;//         PACKET_BUFF_IDX++;
                 ;//         TCNT2 = 0;
                 ;//         //PORTB.1 = ~PORTB.1;
                 ;//         TIMER2_OVERFLOW = 0;
                 ;
                 ;//     }
                 ;// }
                 ;
                 ;interrupt [USART1_RXC] void usart1_rxc(void)
                 ; 0000 00F6 {
                 _usart1_rxc:
00014c 940e 03ae 	CALL SUBOPT_0x0
                 ; 0000 00F7     unsigned char i = 0;
                 ; 0000 00F8 
                 ; 0000 00F9     i = UDR1;
                 ;	i -> R17
00014e 9110 009c 	LDS  R17,156
                 ; 0000 00FA     if(i == '<'){
000150 331c      	CPI  R17,60
000151 f411      	BRNE _0x29
                 ; 0000 00FB         VELOCITY_BUFF_IDX = 0;
000152 2466      	CLR  R6
                 ; 0000 00FC         VELOCITY_BUFF[VELOCITY_BUFF_IDX] = i;
000153 c007      	RJMP _0x43
                 ; 0000 00FD         VELOCITY_BUFF_IDX++;
                 ; 0000 00FE     }
                 ; 0000 00FF     else if(i == '>'){
                 _0x29:
000154 331e      	CPI  R17,62
000155 f429      	BRNE _0x2B
                 ; 0000 0100         VELOCITY_BUFF[VELOCITY_BUFF_IDX] = i;
000156 2de6      	MOV  R30,R6
000157 940e 03ba 	CALL SUBOPT_0x2
                 ; 0000 0101         VELOCITY_BUFF_IDX+=2;
000159 9463      	INC  R6
00015a c003      	RJMP _0x44
                 ; 0000 0102     }
                 ; 0000 0103     else{
                 _0x2B:
                 ; 0000 0104         VELOCITY_BUFF[VELOCITY_BUFF_IDX] = i;
                 _0x43:
00015b 2de6      	MOV  R30,R6
00015c 940e 03ba 	CALL SUBOPT_0x2
                 ; 0000 0105         VELOCITY_BUFF_IDX++;
                 _0x44:
00015e 9463      	INC  R6
                 ; 0000 0106     }
                 ; 0000 0107 }
                 _0x46:
00015f 9119      	LD   R17,Y+
000160 91e9      	LD   R30,Y+
000161 bfef      	OUT  SREG,R30
000162 91f9      	LD   R31,Y+
000163 91e9      	LD   R30,Y+
000164 9518      	RETI
                 ;
                 ;// interrupt [USART1_RXC] void usart1_rxc(void)
                 ;// {
                 ;//     if(((TCNT0 < CHARACTER3_5) && (TIMER2_OVERFLOW == 0)) || VELOCITY_BUFF_IDX == 0)
                 ;//     {
                 ;//         VELOCITY_BUFF[VELOCITY_BUFF_IDX] = UDR1;
                 ;//         TCNT0 = 0;
                 ;//         //PORTB.1 = ~PORTB.1;
                 ;//     }
                 ;//     else {
                 ;//         VELOCITY_BUFF_IDX = 0;
                 ;//         VELOCITY_BUFF[VELOCITY_BUFF_IDX] = UDR0;
                 ;//         VELOCITY_BUFF_IDX++;
                 ;//         TCNT0 = 0;
                 ;//         //PORTB.1 = ~PORTB.1;
                 ;//     }
                 ;// }
                 ;
                 ;interrupt [TIM2_COMP] void timer2_comp(void)
                 ; 0000 011B {
                 _timer2_comp:
000165 93ea      	ST   -Y,R30
000166 b7ef      	IN   R30,SREG
                 ; 0000 011C     TIMER2_OVERFLOW++;
000167 9453      	INC  R5
                 ; 0000 011D }
000168 c003      	RJMP _0x45
                 ;
                 ;interrupt [TIM0_COMP] void timer0_comp(void)
                 ; 0000 0120 {
                 _timer0_comp:
000169 93ea      	ST   -Y,R30
00016a b7ef      	IN   R30,SREG
                 ; 0000 0121     TIMER0_OVERFLOW++;
00016b 9473      	INC  R7
                 ; 0000 0122 }
                 _0x45:
00016c bfef      	OUT  SREG,R30
00016d 91e9      	LD   R30,Y+
00016e 9518      	RETI
                 ;
                 ;void main(void)
                 ; 0000 0125 {
                 _main:
                 ; 0000 0126     int velocity_R = 0;
                 ; 0000 0127     int velocity_L = 0;
                 ; 0000 0128     unsigned char BUFF[20] = {0,};
                 ; 0000 0129 
                 ; 0000 012A     usart1_init(bps_115200);
00016f 9764      	SBIW R28,20
000170 e184      	LDI  R24,20
000171 e0a0      	LDI  R26,LOW(0)
000172 e0b0      	LDI  R27,HIGH(0)
000173 e9ee      	LDI  R30,LOW(_0x2D*2)
000174 e0f0      	LDI  R31,HIGH(_0x2D*2)
000175 940e 0431 	CALL __INITLOCB
                 ;	velocity_R -> R16,R17
                 ;	velocity_L -> R18,R19
                 ;	BUFF -> Y+0
                +
000177 e000     +LDI R16 , LOW ( 0 )
000178 e010     +LDI R17 , HIGH ( 0 )
                 	__GETWRN 16,17,0
                +
000179 e020     +LDI R18 , LOW ( 0 )
00017a e030     +LDI R19 , HIGH ( 0 )
                 	__GETWRN 18,19,0
00017b e0e7      	LDI  R30,LOW(7)
00017c e0f0      	LDI  R31,HIGH(7)
00017d 93fa      	ST   -Y,R31
00017e 93ea      	ST   -Y,R30
00017f df16      	RCALL _usart1_init
                 ; 0000 012B     usart0_init(bps_115200);
000180 e0e7      	LDI  R30,LOW(7)
000181 e0f0      	LDI  R31,HIGH(7)
000182 93fa      	ST   -Y,R31
000183 93ea      	ST   -Y,R30
000184 df29      	RCALL _usart0_init
                 ; 0000 012C     timer2_init();
000185 df3e      	RCALL _timer2_init
                 ; 0000 012D     SREG |= 0x80;
000186 9478      	BSET 7
                 ; 0000 012E 
                 ; 0000 012F     //DDRB.1 = 1;
                 ; 0000 0130 
                 ; 0000 0131     delay_ms(5000);
000187 e8e8      	LDI  R30,LOW(5000)
000188 e1f3      	LDI  R31,HIGH(5000)
000189 940e 03bf 	CALL SUBOPT_0x3
                 ; 0000 0132     while(1)
                 _0x2E:
                 ; 0000 0133     {
                 ; 0000 0134         //sscanf(VELOCITY_BUFF,"%d,%d", &velocity_R, &velocity_L);
                 ; 0000 0135 
                 ; 0000 0136         sscanf(VELOCITY_BUFF,"<%d,%d>", &velocity_R, &velocity_L);
00018b e6e4      	LDI  R30,LOW(_VELOCITY_BUFF)
00018c e0f5      	LDI  R31,HIGH(_VELOCITY_BUFF)
00018d 93fa      	ST   -Y,R31
00018e 93ea      	ST   -Y,R30
                +
00018f ebe6     +LDI R30 , LOW ( 2 * _0x0 + ( 0 ) )
000190 e0f0     +LDI R31 , HIGH ( 2 * _0x0 + ( 0 ) )
                 	__POINTW1FN _0x0,0
000191 93fa      	ST   -Y,R31
000192 93ea      	ST   -Y,R30
000193 b7ed      	IN   R30,SPL
000194 b7fe      	IN   R31,SPH
000195 9731      	SBIW R30,1
000196 940e 041c 	CALL __PUTPARD1L
000198 931f      	PUSH R17
000199 930f      	PUSH R16
00019a b7ed      	IN   R30,SPL
00019b b7fe      	IN   R31,SPH
00019c 9731      	SBIW R30,1
00019d 940e 041c 	CALL __PUTPARD1L
00019f 933f      	PUSH R19
0001a0 932f      	PUSH R18
0001a1 e088      	LDI  R24,8
0001a2 940e 0361 	CALL _sscanf
0001a4 962c      	ADIW R28,12
0001a5 912f      	POP  R18
0001a6 913f      	POP  R19
0001a7 910f      	POP  R16
0001a8 911f      	POP  R17
                 ; 0000 0137 
                 ; 0000 0138         if(velocity_R != 0 && velocity_L != 0)
0001a9 2400      	CLR  R0
0001aa 1600      	CP   R0,R16
0001ab 0601      	CPC  R0,R17
0001ac f021      	BREQ _0x32
0001ad 2400      	CLR  R0
0001ae 1602      	CP   R0,R18
0001af 0603      	CPC  R0,R19
0001b0 f409      	BRNE _0x33
                 _0x32:
0001b1 c030      	RJMP _0x31
                 _0x33:
                 ; 0000 0139         {
                 ; 0000 013A             if(velocity_R >0 && velocity_L>0)
0001b2 2400      	CLR  R0
0001b3 1600      	CP   R0,R16
0001b4 0601      	CPC  R0,R17
0001b5 f424      	BRGE _0x35
0001b6 2400      	CLR  R0
0001b7 1602      	CP   R0,R18
0001b8 0603      	CPC  R0,R19
0001b9 f00c      	BRLT _0x36
                 _0x35:
0001ba c004      	RJMP _0x34
                 _0x36:
                 ; 0000 013B             {
                 ; 0000 013C                 velocity_R = velocity_R + 300;
                +
0001bb 5d04     +SUBI R16 , LOW ( - 300 )
0001bc 4f1e     +SBCI R17 , HIGH ( - 300 )
                 	__ADDWRN 16,17,300
                 ; 0000 013D                 velocity_L = velocity_L + 300;
                +
0001bd 5d24     +SUBI R18 , LOW ( - 300 )
0001be 4f3e     +SBCI R19 , HIGH ( - 300 )
                 	__ADDWRN 18,19,300
                 ; 0000 013E             }
                 ; 0000 013F 
                 ; 0000 0140             if(velocity_R <0 && velocity_L>0)
                 _0x34:
0001bf 2311      	TST  R17
0001c0 f422      	BRPL _0x38
0001c1 2400      	CLR  R0
0001c2 1602      	CP   R0,R18
0001c3 0603      	CPC  R0,R19
0001c4 f00c      	BRLT _0x39
                 _0x38:
0001c5 c008      	RJMP _0x37
                 _0x39:
                 ; 0000 0141             {
                 ; 0000 0142                 velocity_R = velocity_R - 300;
                +
0001c6 520c     +SUBI R16 , LOW ( 300 )
0001c7 4011     +SBCI R17 , HIGH ( 300 )
                 	__SUBWRN 16,17,300
                 ; 0000 0143                 velocity_L = -velocity_L + 300;
0001c8 01f9      	MOVW R30,R18
0001c9 940e 0407 	CALL __ANEGW1
0001cb 5de4      	SUBI R30,LOW(-300)
0001cc 4ffe      	SBCI R31,HIGH(-300)
0001cd 019f      	MOVW R18,R30
                 ; 0000 0144             }
                 ; 0000 0145 
                 ; 0000 0146             if(velocity_R <0 && velocity_L<0)
                 _0x37:
0001ce 2311      	TST  R17
0001cf f412      	BRPL _0x3B
0001d0 2333      	TST  R19
0001d1 f00a      	BRMI _0x3C
                 _0x3B:
0001d2 c004      	RJMP _0x3A
                 _0x3C:
                 ; 0000 0147             {
                 ; 0000 0148                 velocity_R = velocity_R - 300;
                +
0001d3 520c     +SUBI R16 , LOW ( 300 )
0001d4 4011     +SBCI R17 , HIGH ( 300 )
                 	__SUBWRN 16,17,300
                 ; 0000 0149                 velocity_L = velocity_L - 300;
                +
0001d5 522c     +SUBI R18 , LOW ( 300 )
0001d6 4031     +SBCI R19 , HIGH ( 300 )
                 	__SUBWRN 18,19,300
                 ; 0000 014A             }
                 ; 0000 014B 
                 ; 0000 014C             if(velocity_R >0 && velocity_L<0)
                 _0x3A:
0001d7 2400      	CLR  R0
0001d8 1600      	CP   R0,R16
0001d9 0601      	CPC  R0,R17
0001da f414      	BRGE _0x3E
0001db 2333      	TST  R19
0001dc f00a      	BRMI _0x3F
                 _0x3E:
0001dd c004      	RJMP _0x3D
                 _0x3F:
                 ; 0000 014D             {
                 ; 0000 014E                 velocity_R = velocity_R + 300;
                +
0001de 5d04     +SUBI R16 , LOW ( - 300 )
0001df 4f1e     +SBCI R17 , HIGH ( - 300 )
                 	__ADDWRN 16,17,300
                 ; 0000 014F                 velocity_L = velocity_L - 300;
                +
0001e0 522c     +SUBI R18 , LOW ( 300 )
0001e1 4031     +SBCI R19 , HIGH ( 300 )
                 	__SUBWRN 18,19,300
                 ; 0000 0150             }
                 ; 0000 0151 
                 ; 0000 0152         }
                 _0x3D:
                 ; 0000 0153         // sprintf(BUFF,"<%d,%d>", velocity_R, velocity_L);
                 ; 0000 0154 
                 ; 0000 0155         // puts_USART1(BUFF,VELOCITY_BUFF_IDX);
                 ; 0000 0156         // delay_ms(200);
                 ; 0000 0157         RTU_WriteOperate0(R,(unsigned int)121,(int)(velocity_R));
                 _0x31:
0001e2 e0e1      	LDI  R30,LOW(1)
0001e3 93ea      	ST   -Y,R30
0001e4 e7e9      	LDI  R30,LOW(121)
0001e5 e0f0      	LDI  R31,HIGH(121)
0001e6 93fa      	ST   -Y,R31
0001e7 93ea      	ST   -Y,R30
0001e8 931a      	ST   -Y,R17
0001e9 930a      	ST   -Y,R16
0001ea 940e 03c3 	CALL SUBOPT_0x4
                 ; 0000 0158         delay_ms(5);
                 ; 0000 0159 
                 ; 0000 015A         RTU_WriteOperate0(L,(unsigned int)121,(int)-(velocity_L));
0001ec e0e2      	LDI  R30,LOW(2)
0001ed 93ea      	ST   -Y,R30
0001ee e7e9      	LDI  R30,LOW(121)
0001ef e0f0      	LDI  R31,HIGH(121)
0001f0 93fa      	ST   -Y,R31
0001f1 93ea      	ST   -Y,R30
0001f2 01f9      	MOVW R30,R18
0001f3 940e 0407 	CALL __ANEGW1
0001f5 940e 03c8 	CALL SUBOPT_0x5
                 ; 0000 015B         delay_ms(5);
                 ; 0000 015C 
                 ; 0000 015D         RTU_WriteOperate0(R,(unsigned int)120,(int)(1));
0001f7 e0e1      	LDI  R30,LOW(1)
0001f8 940e 03cb 	CALL SUBOPT_0x6
                 ; 0000 015E         delay_ms(5);
                 ; 0000 015F 
                 ; 0000 0160         RTU_WriteOperate0(L,(unsigned int)120,(int)(1));
0001fa e0e2      	LDI  R30,LOW(2)
0001fb 940e 03cb 	CALL SUBOPT_0x6
                 ; 0000 0161         delay_ms(5);
                 ; 0000 0162 
                 ; 0000 0163 ///////////////////////////멈추는거 일단제외////////////////////////
                 ; 0000 0164         // else
                 ; 0000 0165         // {
                 ; 0000 0166         //     RTU_WriteOperate0(R,(unsigned int)120,(int)(2));
                 ; 0000 0167         //     delay_ms(50);
                 ; 0000 0168 
                 ; 0000 0169         //     RTU_WriteOperate0(L,(unsigned int)120,(int)(2));
                 ; 0000 016A         //     delay_ms(50);
                 ; 0000 016B         // }
                 ; 0000 016C     }
0001fd cf8d      	RJMP _0x2E
                 ; 0000 016D }
                 _0x40:
0001fe cfff      	RJMP _0x40
                 	#ifndef __SLEEP_DEFINED__
                 	#endif
                 
                 	.CSEG
                 _get_buff_G100:
0001ff 931a      	ST   -Y,R17
000200 81a9      	LDD  R26,Y+1
000201 81ba      	LDD  R27,Y+1+1
000202 e0e0      	LDI  R30,LOW(0)
000203 93ec      	ST   X,R30
000204 81ab      	LDD  R26,Y+3
000205 81bc      	LDD  R27,Y+3+1
000206 91ec      	LD   R30,X
000207 2f1e      	MOV  R17,R30
000208 30e0      	CPI  R30,0
000209 f019      	BREQ _0x200007A
00020a e0e0      	LDI  R30,LOW(0)
00020b 93ec      	ST   X,R30
00020c c019      	RJMP _0x200007B
                 _0x200007A:
00020d 81a9      	LDD  R26,Y+1
00020e 81ba      	LDD  R27,Y+1+1
00020f 9611      	ADIW R26,1
000210 940e 0418 	CALL __GETW1P
000212 9730      	SBIW R30,0
000213 f089      	BREQ _0x200007C
000214 81e9      	LDD  R30,Y+1
000215 81fa      	LDD  R31,Y+1+1
000216 81a1      	LDD  R26,Z+1
000217 81b2      	LDD  R27,Z+2
000218 91ec      	LD   R30,X
000219 2f1e      	MOV  R17,R30
00021a 30e0      	CPI  R30,0
00021b f041      	BREQ _0x200007D
00021c 81a9      	LDD  R26,Y+1
00021d 81ba      	LDD  R27,Y+1+1
00021e 9611      	ADIW R26,1
00021f 91ed      	LD   R30,X+
000220 91fd      	LD   R31,X+
000221 9631      	ADIW R30,1
000222 93fe      	ST   -X,R31
000223 93ee      	ST   -X,R30
                 _0x200007D:
000224 c001      	RJMP _0x200007E
                 _0x200007C:
000225 e010      	LDI  R17,LOW(0)
                 _0x200007E:
                 _0x200007B:
000226 2fe1      	MOV  R30,R17
000227 8118      	LDD  R17,Y+0
000228 9625      	ADIW R28,5
000229 9508      	RET
                 __scanf_G100:
00022a 9725      	SBIW R28,5
00022b 940e 0423 	CALL __SAVELOCR6
00022d e0e0      	LDI  R30,LOW(0)
00022e e0f0      	LDI  R31,HIGH(0)
00022f 87e8      	STD  Y+8,R30
000230 87f9      	STD  Y+8+1,R31
000231 2f4e      	MOV  R20,R30
                 _0x200007F:
000232 89e9      	LDD  R30,Y+17
000233 89fa      	LDD  R31,Y+17+1
000234 9631      	ADIW R30,1
000235 8be9      	STD  Y+17,R30
000236 8bfa      	STD  Y+17+1,R31
000237 9731      	SBIW R30,1
000238 91e4      	LPM  R30,Z
000239 2f3e      	MOV  R19,R30
00023a 30e0      	CPI  R30,0
00023b f411      	BRNE PC+3
00023c 940c 035b 	JMP _0x2000081
00023e 940e 03d3 	CALL SUBOPT_0x7
000240 f0c1      	BREQ _0x2000082
                 _0x2000083:
000241 b7ed      	IN   R30,SPL
000242 b7fe      	IN   R31,SPH
000243 93fa      	ST   -Y,R31
000244 93ea      	ST   -Y,R30
000245 934f      	PUSH R20
000246 940e 03d8 	CALL SUBOPT_0x8
000248 914f      	POP  R20
000249 2f3e      	MOV  R19,R30
00024a 30e0      	CPI  R30,0
00024b f019      	BREQ _0x2000086
00024c 940e 03d3 	CALL SUBOPT_0x7
00024e f409      	BRNE _0x2000087
                 _0x2000086:
00024f c007      	RJMP _0x2000085
                 _0x2000087:
000250 940e 03e0 	CALL SUBOPT_0x9
000252 f41c      	BRGE _0x2000088
000253 efef      	LDI  R30,LOW(65535)
000254 efff      	LDI  R31,HIGH(65535)
000255 c107      	RJMP _0x2060002
                 _0x2000088:
000256 cfea      	RJMP _0x2000083
                 _0x2000085:
000257 2f43      	MOV  R20,R19
000258 c101      	RJMP _0x2000089
                 _0x2000082:
000259 3235      	CPI  R19,37
00025a f011      	BREQ PC+3
00025b 940c 0342 	JMP _0x200008A
00025d e050      	LDI  R21,LOW(0)
                 _0x200008B:
00025e 89e9      	LDD  R30,Y+17
00025f 89fa      	LDD  R31,Y+17+1
000260 9135      	LPM  R19,Z+
000261 8be9      	STD  Y+17,R30
000262 8bfa      	STD  Y+17+1,R31
000263 3330      	CPI  R19,48
000264 f010      	BRLO _0x200008F
000265 333a      	CPI  R19,58
000266 f008      	BRLO _0x200008E
                 _0x200008F:
000267 c007      	RJMP _0x200008D
                 _0x200008E:
000268 e0aa      	LDI  R26,LOW(10)
000269 9f5a      	MUL  R21,R26
00026a 2d50      	MOV  R21,R0
00026b 2fe3      	MOV  R30,R19
00026c 53e0      	SUBI R30,LOW(48)
00026d 0f5e      	ADD  R21,R30
00026e cfef      	RJMP _0x200008B
                 _0x200008D:
00026f 3030      	CPI  R19,0
000270 f409      	BRNE _0x2000091
000271 c0e9      	RJMP _0x2000081
                 _0x2000091:
                 _0x2000092:
000272 b7ed      	IN   R30,SPL
000273 b7fe      	IN   R31,SPH
000274 93fa      	ST   -Y,R31
000275 93ea      	ST   -Y,R30
000276 934f      	PUSH R20
000277 940e 03d8 	CALL SUBOPT_0x8
000279 914f      	POP  R20
00027a 2f2e      	MOV  R18,R30
00027b 93ea      	ST   -Y,R30
00027c 940e 0396 	CALL _isspace
00027e 30e0      	CPI  R30,0
00027f f039      	BREQ _0x2000094
000280 940e 03e0 	CALL SUBOPT_0x9
000282 f41c      	BRGE _0x2000095
000283 efef      	LDI  R30,LOW(65535)
000284 efff      	LDI  R31,HIGH(65535)
000285 c0d7      	RJMP _0x2060002
                 _0x2000095:
000286 cfeb      	RJMP _0x2000092
                 _0x2000094:
000287 3020      	CPI  R18,0
000288 f409      	BRNE _0x2000096
000289 c0c8      	RJMP _0x2000097
                 _0x2000096:
00028a 2f42      	MOV  R20,R18
00028b 3050      	CPI  R21,0
00028c f409      	BRNE _0x2000098
00028d ef5f      	LDI  R21,LOW(255)
                 _0x2000098:
00028e 2fe3      	MOV  R30,R19
00028f 36e3      	CPI  R30,LOW(0x63)
000290 f499      	BRNE _0x200009C
000291 940e 03e5 	CALL SUBOPT_0xA
000293 b7ed      	IN   R30,SPL
000294 b7fe      	IN   R31,SPH
000295 93fa      	ST   -Y,R31
000296 93ea      	ST   -Y,R30
000297 934f      	PUSH R20
000298 940e 03d8 	CALL SUBOPT_0x8
00029a 914f      	POP  R20
00029b 01d8      	MOVW R26,R16
00029c 93ec      	ST   X,R30
00029d 940e 03e0 	CALL SUBOPT_0x9
00029f f41c      	BRGE _0x200009D
0002a0 efef      	LDI  R30,LOW(65535)
0002a1 efff      	LDI  R31,HIGH(65535)
0002a2 c0ba      	RJMP _0x2060002
                 _0x200009D:
0002a3 c098      	RJMP _0x200009B
                 _0x200009C:
0002a4 37e3      	CPI  R30,LOW(0x73)
0002a5 f541      	BRNE _0x20000A6
0002a6 940e 03e5 	CALL SUBOPT_0xA
                 _0x200009F:
0002a8 2fe5      	MOV  R30,R21
0002a9 5051      	SUBI R21,1
0002aa 30e0      	CPI  R30,0
0002ab f0f1      	BREQ _0x20000A1
0002ac b7ed      	IN   R30,SPL
0002ad b7fe      	IN   R31,SPH
0002ae 93fa      	ST   -Y,R31
0002af 93ea      	ST   -Y,R30
0002b0 934f      	PUSH R20
0002b1 940e 03d8 	CALL SUBOPT_0x8
0002b3 914f      	POP  R20
0002b4 2f3e      	MOV  R19,R30
0002b5 30e0      	CPI  R30,0
0002b6 f019      	BREQ _0x20000A3
0002b7 940e 03d3 	CALL SUBOPT_0x7
0002b9 f039      	BREQ _0x20000A2
                 _0x20000A3:
0002ba 940e 03e0 	CALL SUBOPT_0x9
0002bc f41c      	BRGE _0x20000A5
0002bd efef      	LDI  R30,LOW(65535)
0002be efff      	LDI  R31,HIGH(65535)
0002bf c09d      	RJMP _0x2060002
                 _0x20000A5:
0002c0 c009      	RJMP _0x20000A1
                 _0x20000A2:
0002c1 931f      	PUSH R17
0002c2 930f      	PUSH R16
                +
0002c3 5f0f     +SUBI R16 , LOW ( - 1 )
0002c4 4f1f     +SBCI R17 , HIGH ( - 1 )
                 	__ADDWRN 16,17,1
0002c5 2fe3      	MOV  R30,R19
0002c6 91af      	POP  R26
0002c7 91bf      	POP  R27
0002c8 93ec      	ST   X,R30
0002c9 cfde      	RJMP _0x200009F
                 _0x20000A1:
0002ca 01d8      	MOVW R26,R16
0002cb e0e0      	LDI  R30,LOW(0)
0002cc 93ec      	ST   X,R30
0002cd c06e      	RJMP _0x200009B
                 _0x20000A6:
0002ce e0e1      	LDI  R30,LOW(1)
0002cf 87ea      	STD  Y+10,R30
0002d0 2fe3      	MOV  R30,R19
0002d1 36e4      	CPI  R30,LOW(0x64)
0002d2 f011      	BREQ _0x20000AB
0002d3 36e9      	CPI  R30,LOW(0x69)
0002d4 f419      	BRNE _0x20000AC
                 _0x20000AB:
0002d5 e0e0      	LDI  R30,LOW(0)
0002d6 87ea      	STD  Y+10,R30
0002d7 c002      	RJMP _0x20000AD
                 _0x20000AC:
0002d8 37e5      	CPI  R30,LOW(0x75)
0002d9 f411      	BRNE _0x20000AE
                 _0x20000AD:
0002da e02a      	LDI  R18,LOW(10)
0002db c008      	RJMP _0x20000A9
                 _0x20000AE:
0002dc 37e8      	CPI  R30,LOW(0x78)
0002dd f411      	BRNE _0x20000AF
0002de e120      	LDI  R18,LOW(16)
0002df c004      	RJMP _0x20000A9
                 _0x20000AF:
0002e0 32e5      	CPI  R30,LOW(0x25)
0002e1 f409      	BRNE _0x20000B2
0002e2 c05f      	RJMP _0x20000B1
                 _0x20000B2:
0002e3 c077      	RJMP _0x2060003
                 _0x20000A9:
0002e4 e0e0      	LDI  R30,LOW(0)
0002e5 83ee      	STD  Y+6,R30
0002e6 83ef      	STD  Y+6+1,R30
                 _0x20000B3:
0002e7 2fe5      	MOV  R30,R21
0002e8 5051      	SUBI R21,1
0002e9 30e0      	CPI  R30,0
0002ea f411      	BRNE PC+3
0002eb 940c 032f 	JMP _0x20000B5
0002ed b7ed      	IN   R30,SPL
0002ee b7fe      	IN   R31,SPH
0002ef 93fa      	ST   -Y,R31
0002f0 93ea      	ST   -Y,R30
0002f1 934f      	PUSH R20
0002f2 940e 03d8 	CALL SUBOPT_0x8
0002f4 914f      	POP  R20
0002f5 2f3e      	MOV  R19,R30
0002f6 32e1      	CPI  R30,LOW(0x21)
0002f7 f438      	BRSH _0x20000B6
0002f8 940e 03e0 	CALL SUBOPT_0x9
0002fa f41c      	BRGE _0x20000B7
0002fb efef      	LDI  R30,LOW(65535)
0002fc efff      	LDI  R31,HIGH(65535)
0002fd c05f      	RJMP _0x2060002
                 _0x20000B7:
0002fe c017      	RJMP _0x20000B8
                 _0x20000B6:
0002ff 85ea      	LDD  R30,Y+10
000300 30e0      	CPI  R30,0
000301 f439      	BRNE _0x20000B9
000302 323d      	CPI  R19,45
000303 f419      	BRNE _0x20000BA
000304 efef      	LDI  R30,LOW(255)
000305 87ea      	STD  Y+10,R30
000306 cfe0      	RJMP _0x20000B3
                 _0x20000BA:
000307 e0e1      	LDI  R30,LOW(1)
000308 87ea      	STD  Y+10,R30
                 _0x20000B9:
000309 3120      	CPI  R18,16
00030a f431      	BRNE _0x20000BC
00030b 933a      	ST   -Y,R19
00030c 940e 03a0 	CALL _isxdigit
00030e 30e0      	CPI  R30,0
00030f f031      	BREQ _0x20000B8
000310 c007      	RJMP _0x20000BE
                 _0x20000BC:
000311 933a      	ST   -Y,R19
000312 940e 038e 	CALL _isdigit
000314 30e0      	CPI  R30,0
000315 f411      	BRNE _0x20000BF
                 _0x20000B8:
000316 2f43      	MOV  R20,R19
000317 c017      	RJMP _0x20000B5
                 _0x20000BF:
                 _0x20000BE:
000318 3631      	CPI  R19,97
000319 f010      	BRLO _0x20000C0
00031a 5537      	SUBI R19,LOW(87)
00031b c005      	RJMP _0x20000C1
                 _0x20000C0:
00031c 3431      	CPI  R19,65
00031d f010      	BRLO _0x20000C2
00031e 5337      	SUBI R19,LOW(55)
00031f c001      	RJMP _0x20000C3
                 _0x20000C2:
000320 5330      	SUBI R19,LOW(48)
                 _0x20000C3:
                 _0x20000C1:
000321 2fe2      	MOV  R30,R18
000322 81ae      	LDD  R26,Y+6
000323 81bf      	LDD  R27,Y+6+1
000324 e0f0      	LDI  R31,0
000325 940e 0410 	CALL __MULW12U
000327 01df      	MOVW R26,R30
000328 2fe3      	MOV  R30,R19
000329 e0f0      	LDI  R31,0
00032a 0fea      	ADD  R30,R26
00032b 1ffb      	ADC  R31,R27
00032c 83ee      	STD  Y+6,R30
00032d 83ff      	STD  Y+6+1,R31
00032e cfb8      	RJMP _0x20000B3
                 _0x20000B5:
00032f 940e 03e5 	CALL SUBOPT_0xA
000331 85ea      	LDD  R30,Y+10
000332 81ae      	LDD  R26,Y+6
000333 81bf      	LDD  R27,Y+6+1
000334 e0f0      	LDI  R31,0
000335 fde7      	SBRC R30,7
000336 efff      	SER  R31
000337 940e 0410 	CALL __MULW12U
000339 01d8      	MOVW R26,R16
00033a 93ed      	ST   X+,R30
00033b 93fc      	ST   X,R31
                 _0x200009B:
00033c 85e8      	LDD  R30,Y+8
00033d 85f9      	LDD  R31,Y+8+1
00033e 9631      	ADIW R30,1
00033f 87e8      	STD  Y+8,R30
000340 87f9      	STD  Y+8+1,R31
000341 c018      	RJMP _0x20000C4
                 _0x200008A:
                 _0x20000B1:
000342 b7ed      	IN   R30,SPL
000343 b7fe      	IN   R31,SPH
000344 93fa      	ST   -Y,R31
000345 93ea      	ST   -Y,R30
000346 934f      	PUSH R20
000347 940e 03d8 	CALL SUBOPT_0x8
000349 914f      	POP  R20
00034a 17e3      	CP   R30,R19
00034b f071      	BREQ _0x20000C5
00034c 940e 03e0 	CALL SUBOPT_0x9
00034e f41c      	BRGE _0x20000C6
00034f efef      	LDI  R30,LOW(65535)
000350 efff      	LDI  R31,HIGH(65535)
000351 c00b      	RJMP _0x2060002
                 _0x20000C6:
                 _0x2000097:
000352 85e8      	LDD  R30,Y+8
000353 85f9      	LDD  R31,Y+8+1
000354 9730      	SBIW R30,0
000355 f419      	BRNE _0x20000C7
000356 efef      	LDI  R30,LOW(65535)
000357 efff      	LDI  R31,HIGH(65535)
000358 c004      	RJMP _0x2060002
                 _0x20000C7:
000359 c001      	RJMP _0x2000081
                 _0x20000C5:
                 _0x20000C4:
                 _0x2000089:
00035a ced7      	RJMP _0x200007F
                 _0x2000081:
                 _0x2060003:
00035b 85e8      	LDD  R30,Y+8
00035c 85f9      	LDD  R31,Y+8+1
                 _0x2060002:
00035d 940e 042a 	CALL __LOADLOCR6
00035f 9663      	ADIW R28,19
000360 9508      	RET
                 _sscanf:
000361 92ff      	PUSH R15
000362 2ef8      	MOV  R15,R24
000363 9723      	SBIW R28,3
000364 931a      	ST   -Y,R17
000365 930a      	ST   -Y,R16
000366 940e 03f0 	CALL SUBOPT_0xB
000368 9730      	SBIW R30,0
000369 f419      	BRNE _0x20000C8
00036a efef      	LDI  R30,LOW(65535)
00036b efff      	LDI  R31,HIGH(65535)
00036c c01c      	RJMP _0x2060001
                 _0x20000C8:
00036d 01de      	MOVW R26,R28
00036e 9611      	ADIW R26,1
00036f 940e 0403 	CALL __ADDW2R15
000371 018d      	MOVW R16,R26
000372 940e 03f0 	CALL SUBOPT_0xB
000374 83eb      	STD  Y+3,R30
000375 83fc      	STD  Y+3+1,R31
000376 01de      	MOVW R26,R28
000377 9615      	ADIW R26,5
000378 940e 0403 	CALL __ADDW2R15
00037a 940e 0418 	CALL __GETW1P
00037c 93fa      	ST   -Y,R31
00037d 93ea      	ST   -Y,R30
00037e 931a      	ST   -Y,R17
00037f 930a      	ST   -Y,R16
000380 efef      	LDI  R30,LOW(_get_buff_G100)
000381 e0f1      	LDI  R31,HIGH(_get_buff_G100)
000382 93fa      	ST   -Y,R31
000383 93ea      	ST   -Y,R30
000384 01fe      	MOVW R30,R28
000385 9638      	ADIW R30,8
000386 93fa      	ST   -Y,R31
000387 93ea      	ST   -Y,R30
000388 dea1      	RCALL __scanf_G100
                 _0x2060001:
000389 8119      	LDD  R17,Y+1
00038a 8108      	LDD  R16,Y+0
00038b 9625      	ADIW R28,5
00038c 90ff      	POP  R15
00038d 9508      	RET
                 
                 	.CSEG
                 _isdigit:
00038e e0e1          ldi  r30,1
00038f 91f9          ld   r31,y+
000390 33f0          cpi  r31,'0'
000391 f010          brlo isdigit0
000392 33fa          cpi  r31,'9'+1
000393 f008          brlo isdigit1
                 isdigit0:
000394 27ee          clr  r30
                 isdigit1:
000395 9508          ret
                 _isspace:
000396 e0e1          ldi  r30,1
000397 91f9          ld   r31,y+
000398 32f0          cpi  r31,' '
000399 f029          breq isspace1
00039a 30f9          cpi  r31,9
00039b f010          brlo isspace0
00039c 30fe          cpi  r31,13+1
00039d f008          brlo isspace1
                 isspace0:
00039e 27ee          clr  r30
                 isspace1:
00039f 9508          ret
                 _isxdigit:
0003a0 e0e1          ldi  r30,1
0003a1 91f9          ld   r31,y+
0003a2 53f0          subi r31,0x30
0003a3 f040          brcs isxdigit0
0003a4 30fa          cpi  r31,10
0003a5 f038          brcs isxdigit1
0003a6 75ff          andi r31,0x5f
0003a7 50f7          subi r31,7
0003a8 30fa          cpi  r31,10
0003a9 f010          brcs isxdigit0
0003aa 31f0          cpi  r31,16
0003ab f008          brcs isxdigit1
                 isxdigit0:
0003ac 27ee          clr  r30
                 isxdigit1:
0003ad 9508          ret
                 
                 	.CSEG
                 
                 	.DSEG
                 _PACKET_BUFF:
000500           	.BYTE 0x64
                 _VELOCITY_BUFF:
000564           	.BYTE 0x14
                 
                 	.CSEG
                 ;OPTIMIZER ADDED SUBROUTINE, CALLED 2 TIMES, CODE SIZE REDUCTION:1 WORDS
                 SUBOPT_0x0:
0003ae 93ea      	ST   -Y,R30
0003af 93fa      	ST   -Y,R31
0003b0 b7ef      	IN   R30,SREG
0003b1 93ea      	ST   -Y,R30
0003b2 931a      	ST   -Y,R17
0003b3 e010      	LDI  R17,0
0003b4 9508      	RET
                 
                 ;OPTIMIZER ADDED SUBROUTINE, CALLED 2 TIMES, CODE SIZE REDUCTION:1 WORDS
                 SUBOPT_0x1:
0003b5 e0f0      	LDI  R31,0
0003b6 50e0      	SUBI R30,LOW(-_PACKET_BUFF)
0003b7 4ffb      	SBCI R31,HIGH(-_PACKET_BUFF)
0003b8 8310      	ST   Z,R17
0003b9 9508      	RET
                 
                 ;OPTIMIZER ADDED SUBROUTINE, CALLED 2 TIMES, CODE SIZE REDUCTION:1 WORDS
                 SUBOPT_0x2:
0003ba e0f0      	LDI  R31,0
0003bb 59ec      	SUBI R30,LOW(-_VELOCITY_BUFF)
0003bc 4ffa      	SBCI R31,HIGH(-_VELOCITY_BUFF)
0003bd 8310      	ST   Z,R17
0003be 9508      	RET
                 
                 ;OPTIMIZER ADDED SUBROUTINE, CALLED 5 TIMES, CODE SIZE REDUCTION:5 WORDS
                 SUBOPT_0x3:
0003bf 93fa      	ST   -Y,R31
0003c0 93ea      	ST   -Y,R30
0003c1 940c 03f7 	JMP  _delay_ms
                 
                 ;OPTIMIZER ADDED SUBROUTINE, CALLED 4 TIMES, CODE SIZE REDUCTION:9 WORDS
                 SUBOPT_0x4:
0003c3 940e 00fe 	CALL _RTU_WriteOperate0
0003c5 e0e5      	LDI  R30,LOW(5)
0003c6 e0f0      	LDI  R31,HIGH(5)
0003c7 cff7      	RJMP SUBOPT_0x3
                 
                 ;OPTIMIZER ADDED SUBROUTINE, CALLED 3 TIMES, CODE SIZE REDUCTION:1 WORDS
                 SUBOPT_0x5:
0003c8 93fa      	ST   -Y,R31
0003c9 93ea      	ST   -Y,R30
0003ca cff8      	RJMP SUBOPT_0x4
                 
                 ;OPTIMIZER ADDED SUBROUTINE, CALLED 2 TIMES, CODE SIZE REDUCTION:4 WORDS
                 SUBOPT_0x6:
0003cb 93ea      	ST   -Y,R30
0003cc e7e8      	LDI  R30,LOW(120)
0003cd e0f0      	LDI  R31,HIGH(120)
0003ce 93fa      	ST   -Y,R31
0003cf 93ea      	ST   -Y,R30
0003d0 e0e1      	LDI  R30,LOW(1)
0003d1 e0f0      	LDI  R31,HIGH(1)
0003d2 cff5      	RJMP SUBOPT_0x5
                 
                 ;OPTIMIZER ADDED SUBROUTINE, CALLED 3 TIMES, CODE SIZE REDUCTION:1 WORDS
                 SUBOPT_0x7:
0003d3 933a      	ST   -Y,R19
0003d4 940e 0396 	CALL _isspace
0003d6 30e0      	CPI  R30,0
0003d7 9508      	RET
                 
                 ;OPTIMIZER ADDED SUBROUTINE, CALLED 6 TIMES, CODE SIZE REDUCTION:22 WORDS
                 SUBOPT_0x8:
0003d8 85ed      	LDD  R30,Y+13
0003d9 85fe      	LDD  R31,Y+13+1
0003da 93fa      	ST   -Y,R31
0003db 93ea      	ST   -Y,R30
0003dc 89e9      	LDD  R30,Y+17
0003dd 89fa      	LDD  R31,Y+17+1
0003de 9509      	ICALL
0003df 9508      	RET
                 
                 ;OPTIMIZER ADDED SUBROUTINE, CALLED 6 TIMES, CODE SIZE REDUCTION:7 WORDS
                 SUBOPT_0x9:
0003e0 85ab      	LDD  R26,Y+11
0003e1 85bc      	LDD  R27,Y+11+1
0003e2 91ac      	LD   R26,X
0003e3 30a0      	CPI  R26,0
0003e4 9508      	RET
                 
                 ;OPTIMIZER ADDED SUBROUTINE, CALLED 3 TIMES, CODE SIZE REDUCTION:13 WORDS
                 SUBOPT_0xA:
0003e5 85ef      	LDD  R30,Y+15
0003e6 89f8      	LDD  R31,Y+15+1
0003e7 9734      	SBIW R30,4
0003e8 87ef      	STD  Y+15,R30
0003e9 8bf8      	STD  Y+15+1,R31
0003ea 85af      	LDD  R26,Y+15
0003eb 89b8      	LDD  R27,Y+15+1
0003ec 9614      	ADIW R26,4
0003ed 910d      	LD   R16,X+
0003ee 911c      	LD   R17,X
0003ef 9508      	RET
                 
                 ;OPTIMIZER ADDED SUBROUTINE, CALLED 2 TIMES, CODE SIZE REDUCTION:1 WORDS
                 SUBOPT_0xB:
0003f0 01de      	MOVW R26,R28
0003f1 9617      	ADIW R26,7
0003f2 940e 0403 	CALL __ADDW2R15
0003f4 940e 0418 	CALL __GETW1P
0003f6 9508      	RET
                 
                 
                 	.CSEG
                 _delay_ms:
0003f7 91e9      	ld   r30,y+
0003f8 91f9      	ld   r31,y+
0003f9 9630      	adiw r30,0
0003fa f039      	breq __delay_ms1
                 __delay_ms0:
                +
0003fb e686     +LDI R24 , LOW ( 0xE66 )
0003fc e09e     +LDI R25 , HIGH ( 0xE66 )
                +__DELAY_USW_LOOP :
0003fd 9701     +SBIW R24 , 1
0003fe f7f1     +BRNE __DELAY_USW_LOOP
                 	__DELAY_USW 0xE66
0003ff 95a8      	wdr
000400 9731      	sbiw r30,1
000401 f7c9      	brne __delay_ms0
                 __delay_ms1:
000402 9508      	ret
                 
                 __ADDW2R15:
000403 2400      	CLR  R0
000404 0daf      	ADD  R26,R15
000405 1db0      	ADC  R27,R0
000406 9508      	RET
                 
                 __ANEGW1:
000407 95f1      	NEG  R31
000408 95e1      	NEG  R30
000409 40f0      	SBCI R31,0
00040a 9508      	RET
                 
                 __ASRW8:
00040b 2fef      	MOV  R30,R31
00040c 27ff      	CLR  R31
00040d fde7      	SBRC R30,7
00040e efff      	SER  R31
00040f 9508      	RET
                 
                 __MULW12U:
000410 9ffa      	MUL  R31,R26
000411 2df0      	MOV  R31,R0
000412 9feb      	MUL  R30,R27
000413 0df0      	ADD  R31,R0
000414 9fea      	MUL  R30,R26
000415 2de0      	MOV  R30,R0
000416 0df1      	ADD  R31,R1
000417 9508      	RET
                 
                 __GETW1P:
000418 91ed      	LD   R30,X+
000419 91fc      	LD   R31,X
00041a 9711      	SBIW R26,1
00041b 9508      	RET
                 
                 __PUTPARD1L:
00041c e060      	LDI  R22,0
00041d e070      	LDI  R23,0
                 __PUTPARD1:
00041e 937a      	ST   -Y,R23
00041f 936a      	ST   -Y,R22
000420 93fa      	ST   -Y,R31
000421 93ea      	ST   -Y,R30
000422 9508      	RET
                 
                 __SAVELOCR6:
000423 935a      	ST   -Y,R21
                 __SAVELOCR5:
000424 934a      	ST   -Y,R20
                 __SAVELOCR4:
000425 933a      	ST   -Y,R19
                 __SAVELOCR3:
000426 932a      	ST   -Y,R18
                 __SAVELOCR2:
000427 931a      	ST   -Y,R17
000428 930a      	ST   -Y,R16
000429 9508      	RET
                 
                 __LOADLOCR6:
00042a 815d      	LDD  R21,Y+5
                 __LOADLOCR5:
00042b 814c      	LDD  R20,Y+4
                 __LOADLOCR4:
00042c 813b      	LDD  R19,Y+3
                 __LOADLOCR3:
00042d 812a      	LDD  R18,Y+2
                 __LOADLOCR2:
00042e 8119      	LDD  R17,Y+1
00042f 8108      	LD   R16,Y
000430 9508      	RET
                 
                 __INITLOCB:
                 __INITLOCW:
000431 0fac      	ADD  R26,R28
000432 1fbd      	ADC  R27,R29
                 __INITLOC0:
000433 9005      	LPM  R0,Z+
000434 920d      	ST   X+,R0
000435 958a      	DEC  R24
000436 f7e1      	BRNE __INITLOC0
000437 9508      	RET
                 
                 ;END OF CODE MARKER
                 __END_OF_CODE:


RESOURCE USE INFORMATION
------------------------

Notice:
The register and instruction counts are symbol table hit counts,
and hence implicitly used resources are not counted, eg, the
'lpm' instruction without operands implicitly uses r0 and z,
none of which are counted.

x,y,z are separate entities in the symbol table and are
counted separately from r26..r31 here.

.dseg memory usage only counts static data declared with .byte

ATmega128 register use summary:
r0 :  32 r1 :   2 r2 :   0 r3 :   0 r4 :   5 r5 :   1 r6 :   5 r7 :   1 
r8 :   0 r9 :   0 r10:   0 r11:   0 r12:   0 r13:   0 r14:   0 r15:   4 
r16:  28 r17:  42 r18:  32 r19:  48 r20:  20 r21:  13 r22:   4 r23:   2 
r24:  14 r25:   3 r26:  43 r27:  21 r28:  20 r29:   2 r30: 281 r31: 124 
x  :  24 y  : 180 z  :  14 
Registers used: 26 out of 35 (74.3%)

ATmega128 instruction use summary:
.lds  :   0 .lds.l:   0 .sts  :   0 .sts.l:   0 adc   :   4 add   :   7 
adiw  :  22 and   :   0 andi  :   5 asr   :   0 bclr  :   0 bld   :   0 
brbc  :   0 brbs  :   0 brcc  :   0 brcs  :   4 break :   0 breq  :  19 
brge  :  10 brhc  :   0 brhs  :   0 brid  :   0 brie  :   0 brlo  :   8 
brlt  :   2 brmi  :   2 brne  :  29 brpl  :   2 brsh  :   1 brtc  :   0 
brts  :   0 brvc  :   0 brvs  :   0 bset  :   1 bst   :   0 call  :  60 
cbi   :   0 cbr   :   0 clc   :   0 clh   :   0 cli   :   1 cln   :   0 
clr   :  15 cls   :   0 clt   :   0 clv   :   0 clz   :   0 com   :   0 
cp    :   7 cpc   :   8 cpi   :  45 cpse  :   0 dec   :   2 des   :   0 
elpm  :   0 eor   :   4 fmul  :   0 fmuls :   0 fmulsu:   0 icall :   1 
ijmp  :   0 in    :  20 inc   :   6 jmp   :  40 ld    :  27 ldd   :  59 
ldi   : 120 lds   :   3 lpm   :  11 lsl   :   0 lsr   :   1 mov   :  30 
movw  :  22 mul   :   4 muls  :   0 mulsu :   0 neg   :   2 nop   :   0 
or    :   1 ori   :   0 out   :  16 pop   :  13 push  :  13 rcall :   6 
ret   :  29 reti  :   2 rjmp  :  59 rol   :   0 ror   :   1 sbc   :   0 
sbci  :  14 sbi   :   0 sbic  :   0 sbis  :   1 sbiw  :  18 sbr   :   0 
sbrc  :   2 sbrs  :   0 sec   :   0 seh   :   0 sei   :   0 sen   :   0 
ser   :   2 ses   :   0 set   :   0 sev   :   0 sez   :   0 sleep :   0 
spm   :   0 st    :  88 std   :  34 sts   :  10 sub   :   0 subi  :  21 
swap  :   0 tst   :   4 wdr   :   1 
Instructions used: 56 out of 117 (47.9%)

ATmega128 memory use summary [bytes]:
Segment   Begin    End      Code   Data   Used    Size   Use%
---------------------------------------------------------------
[.cseg] 0x000000 0x000870   2102     58   2160  131072   1.6%
[.dseg] 0x000100 0x000578      0    120    120    4351   2.8%
[.eseg] 0x000000 0x000000      0      0      0    4096   0.0%

Assembly complete, 0 errors, 4 warnings
